Archive member included to satisfy reference by file (symbol)

/Applications/STM32CubeIDE.app/Contents/Eclipse/plugins/com.st.stm32cube.ide.mcu.externaltools.gnu-tools-for-stm32.11.3.rel1.macos64_1.1.0.202305231506/tools/bin/../lib/gcc/arm-none-eabi/11.3.1/../../../../arm-none-eabi/lib/thumb/v7e-m/nofp/libc_nano.a(libc_a-exit.o)
                              /Applications/STM32CubeIDE.app/Contents/Eclipse/plugins/com.st.stm32cube.ide.mcu.externaltools.gnu-tools-for-stm32.11.3.rel1.macos64_1.1.0.202305231506/tools/bin/../lib/gcc/arm-none-eabi/11.3.1/../../../../arm-none-eabi/lib/thumb/v7e-m/nofp/crt0.o (exit)
/Applications/STM32CubeIDE.app/Contents/Eclipse/plugins/com.st.stm32cube.ide.mcu.externaltools.gnu-tools-for-stm32.11.3.rel1.macos64_1.1.0.202305231506/tools/bin/../lib/gcc/arm-none-eabi/11.3.1/../../../../arm-none-eabi/lib/thumb/v7e-m/nofp/libc_nano.a(libc_a-findfp.o)
                              /Applications/STM32CubeIDE.app/Contents/Eclipse/plugins/com.st.stm32cube.ide.mcu.externaltools.gnu-tools-for-stm32.11.3.rel1.macos64_1.1.0.202305231506/tools/bin/../lib/gcc/arm-none-eabi/11.3.1/../../../../arm-none-eabi/lib/thumb/v7e-m/nofp/libc_nano.a(libc_a-exit.o) (__stdio_exit_handler)
/Applications/STM32CubeIDE.app/Contents/Eclipse/plugins/com.st.stm32cube.ide.mcu.externaltools.gnu-tools-for-stm32.11.3.rel1.macos64_1.1.0.202305231506/tools/bin/../lib/gcc/arm-none-eabi/11.3.1/../../../../arm-none-eabi/lib/thumb/v7e-m/nofp/libc_nano.a(libc_a-fwalk.o)
                              /Applications/STM32CubeIDE.app/Contents/Eclipse/plugins/com.st.stm32cube.ide.mcu.externaltools.gnu-tools-for-stm32.11.3.rel1.macos64_1.1.0.202305231506/tools/bin/../lib/gcc/arm-none-eabi/11.3.1/../../../../arm-none-eabi/lib/thumb/v7e-m/nofp/libc_nano.a(libc_a-findfp.o) (_fwalk_sglue)
/Applications/STM32CubeIDE.app/Contents/Eclipse/plugins/com.st.stm32cube.ide.mcu.externaltools.gnu-tools-for-stm32.11.3.rel1.macos64_1.1.0.202305231506/tools/bin/../lib/gcc/arm-none-eabi/11.3.1/../../../../arm-none-eabi/lib/thumb/v7e-m/nofp/libc_nano.a(libc_a-vsnprintf.o)
                              ./Core/Src/com_debug.o (vsnprintf)
/Applications/STM32CubeIDE.app/Contents/Eclipse/plugins/com.st.stm32cube.ide.mcu.externaltools.gnu-tools-for-stm32.11.3.rel1.macos64_1.1.0.202305231506/tools/bin/../lib/gcc/arm-none-eabi/11.3.1/../../../../arm-none-eabi/lib/thumb/v7e-m/nofp/libc_nano.a(libc_a-memset.o)
                              /Applications/STM32CubeIDE.app/Contents/Eclipse/plugins/com.st.stm32cube.ide.mcu.externaltools.gnu-tools-for-stm32.11.3.rel1.macos64_1.1.0.202305231506/tools/bin/../lib/gcc/arm-none-eabi/11.3.1/../../../../arm-none-eabi/lib/thumb/v7e-m/nofp/crt0.o (memset)
/Applications/STM32CubeIDE.app/Contents/Eclipse/plugins/com.st.stm32cube.ide.mcu.externaltools.gnu-tools-for-stm32.11.3.rel1.macos64_1.1.0.202305231506/tools/bin/../lib/gcc/arm-none-eabi/11.3.1/../../../../arm-none-eabi/lib/thumb/v7e-m/nofp/libc_nano.a(libc_a-impure.o)
                              /Applications/STM32CubeIDE.app/Contents/Eclipse/plugins/com.st.stm32cube.ide.mcu.externaltools.gnu-tools-for-stm32.11.3.rel1.macos64_1.1.0.202305231506/tools/bin/../lib/gcc/arm-none-eabi/11.3.1/../../../../arm-none-eabi/lib/thumb/v7e-m/nofp/libc_nano.a(libc_a-vsnprintf.o) (_impure_ptr)
/Applications/STM32CubeIDE.app/Contents/Eclipse/plugins/com.st.stm32cube.ide.mcu.externaltools.gnu-tools-for-stm32.11.3.rel1.macos64_1.1.0.202305231506/tools/bin/../lib/gcc/arm-none-eabi/11.3.1/../../../../arm-none-eabi/lib/thumb/v7e-m/nofp/libc_nano.a(libc_a-errno.o)
                              ./Core/Src/syscalls.o (__errno)
/Applications/STM32CubeIDE.app/Contents/Eclipse/plugins/com.st.stm32cube.ide.mcu.externaltools.gnu-tools-for-stm32.11.3.rel1.macos64_1.1.0.202305231506/tools/bin/../lib/gcc/arm-none-eabi/11.3.1/../../../../arm-none-eabi/lib/thumb/v7e-m/nofp/libc_nano.a(libc_a-init.o)
                              /Applications/STM32CubeIDE.app/Contents/Eclipse/plugins/com.st.stm32cube.ide.mcu.externaltools.gnu-tools-for-stm32.11.3.rel1.macos64_1.1.0.202305231506/tools/bin/../lib/gcc/arm-none-eabi/11.3.1/../../../../arm-none-eabi/lib/thumb/v7e-m/nofp/crt0.o (__libc_init_array)
/Applications/STM32CubeIDE.app/Contents/Eclipse/plugins/com.st.stm32cube.ide.mcu.externaltools.gnu-tools-for-stm32.11.3.rel1.macos64_1.1.0.202305231506/tools/bin/../lib/gcc/arm-none-eabi/11.3.1/../../../../arm-none-eabi/lib/thumb/v7e-m/nofp/libc_nano.a(libc_a-lock.o)
                              /Applications/STM32CubeIDE.app/Contents/Eclipse/plugins/com.st.stm32cube.ide.mcu.externaltools.gnu-tools-for-stm32.11.3.rel1.macos64_1.1.0.202305231506/tools/bin/../lib/gcc/arm-none-eabi/11.3.1/../../../../arm-none-eabi/lib/thumb/v7e-m/nofp/libc_nano.a(libc_a-findfp.o) (__retarget_lock_init_recursive)
[...]
Memory Configuration

Name             Origin             Length             Attributes
RAM              0x0000000020000000 0x0000000000010000 xrw
RAM2             0x0000000010000000 0x0000000000008000 xrw
FLASH            0x0000000008000000 0x0000000000040000 xr
*default*        0x0000000000000000 0xffffffffffffffff

Linker script and memory map

LOAD /Applications/STM32CubeIDE.app/Contents/Eclipse/plugins/com.st.stm32cube.ide.mcu.externaltools.gnu-tools-for-stm32.11.3.rel1.macos64_1.1.0.202305231506/tools/bin/../lib/gcc/arm-none-eabi/11.3.1/thumb/v7e-m/nofp/crti.o
LOAD /Applications/STM32CubeIDE.app/Contents/Eclipse/plugins/com.st.stm32cube.ide.mcu.externaltools.gnu-tools-for-stm32.11.3.rel1.macos64_1.1.0.202305231506/tools/bin/../lib/gcc/arm-none-eabi/11.3.1/thumb/v7e-m/nofp/crtbegin.o
LOAD /Applications/STM32CubeIDE.app/Contents/Eclipse/plugins/com.st.stm32cube.ide.mcu.externaltools.gnu-tools-for-stm32.11.3.rel1.macos64_1.1.0.202305231506/tools/bin/../lib/gcc/arm-none-eabi/11.3.1/../../../../arm-none-eabi/lib/thumb/v7e-m/nofp/crt0.o
LOAD ./Core/Src/ax25_packet.o
LOAD ./Core/Src/com_debug.o
LOAD ./Core/Src/error_handler.o
LOAD ./Core/Src/main.o
LOAD ./Core/Src/stm32_adv_trace_if.o
LOAD ./Core/Src/stm32_lpm_if.o
LOAD ./Core/Src/stm32wlxx_hal_msp.o
LOAD ./Core/Src/stm32wlxx_it.o
LOAD ./Core/Src/sys_app.o
LOAD ./Core/Src/syscalls.o
LOAD ./Core/Src/sysmem.o
LOAD ./Core/Src/system_stm32wlxx.o
LOAD ./Core/Src/timer_if.o
LOAD ./Core/Startup/startup_stm32wl55jcix.o
LOAD ./Drivers/STM32WLxx_HAL_Driver/Src/stm32wlxx_hal.o
LOAD ./Drivers/STM32WLxx_HAL_Driver/Src/stm32wlxx_hal_cortex.o
LOAD ./Drivers/STM32WLxx_HAL_Driver/Src/stm32wlxx_hal_dma.o
LOAD ./Drivers/STM32WLxx_HAL_Driver/Src/stm32wlxx_hal_dma_ex.o
LOAD ./Drivers/STM32WLxx_HAL_Driver/Src/stm32wlxx_hal_exti.o
LOAD ./Drivers/STM32WLxx_HAL_Driver/Src/stm32wlxx_hal_flash.o
LOAD ./Drivers/STM32WLxx_HAL_Driver/Src/stm32wlxx_hal_flash_ex.o
LOAD ./Drivers/STM32WLxx_HAL_Driver/Src/stm32wlxx_hal_gpio.o
LOAD ./Drivers/STM32WLxx_HAL_Driver/Src/stm32wlxx_hal_pwr.o
LOAD ./Drivers/STM32WLxx_HAL_Driver/Src/stm32wlxx_hal_pwr_ex.o
LOAD ./Drivers/STM32WLxx_HAL_Driver/Src/stm32wlxx_hal_rcc.o
LOAD ./Drivers/STM32WLxx_HAL_Driver/Src/stm32wlxx_hal_rcc_ex.o
LOAD ./Drivers/STM32WLxx_HAL_Driver/Src/stm32wlxx_hal_subghz.o
LOAD ./Drivers/STM32WLxx_HAL_Driver/Src/stm32wlxx_hal_tim.o
LOAD ./Drivers/STM32WLxx_HAL_Driver/Src/stm32wlxx_hal_tim_ex.o
LOAD ./Drivers/STM32WLxx_HAL_Driver/Src/stm32wlxx_hal_uart.o
LOAD ./Drivers/STM32WLxx_HAL_Driver/Src/stm32wlxx_hal_uart_ex.o
LOAD ./Drivers/STM32WLxx_Nucleo/stm32wlxx_nucleo.o
LOAD ./Drivers/STM32WLxx_Nucleo/stm32wlxx_nucleo_radio.o
LOAD ./Middlewares/Third_Party/SubGHz_Phy/stm32_radio_driver/lr_fhss_mac.o
LOAD ./Middlewares/Third_Party/SubGHz_Phy/stm32_radio_driver/radio.o
LOAD ./Middlewares/Third_Party/SubGHz_Phy/stm32_radio_driver/radio_driver.o
LOAD ./Middlewares/Third_Party/SubGHz_Phy/stm32_radio_driver/radio_fw.o
LOAD ./Middlewares/Third_Party/SubGHz_Phy/stm32_radio_driver/wl_lr_fhss.o
LOAD ./SubGHz_Phy/App/app_subghz_phy.o
LOAD ./SubGHz_Phy/App/subghz_phy_app.o
LOAD ./SubGHz_Phy/Target/radio_board_if.o
LOAD ./Utilities/lpm/tiny_lpm/stm32_lpm.o
LOAD ./Utilities/misc/stm32_mem.o
LOAD ./Utilities/misc/stm32_systime.o
LOAD ./Utilities/misc/stm32_tiny_sscanf.o
LOAD ./Utilities/misc/stm32_tiny_vsnprintf.o
LOAD ./Utilities/sequencer/stm32_seq.o
LOAD ./Utilities/timer/stm32_timer.o
LOAD ./Utilities/trace/adv_trace/stm32_adv_trace.o
START GROUP
LOAD /Applications/STM32CubeIDE.app/Contents/Eclipse/plugins/com.st.stm32cube.ide.mcu.externaltools.gnu-tools-for-stm32.11.3.rel1.macos64_1.1.0.202305231506/tools/bin/../lib/gcc/arm-none-eabi/11.3.1/../../../../arm-none-eabi/lib/thumb/v7e-m/nofp/libc_nano.a
LOAD /Applications/STM32CubeIDE.app/Contents/Eclipse/plugins/com.st.stm32cube.ide.mcu.externaltools.gnu-tools-for-stm32.11.3.rel1.macos64_1.1.0.202305231506/tools/bin/../lib/gcc/arm-none-eabi/11.3.1/../../../../arm-none-eabi/lib/thumb/v7e-m/nofp/libm.a
END GROUP
START GROUP
LOAD /Applications/STM32CubeIDE.app/Contents/Eclipse/plugins/com.st.stm32cube.ide.mcu.externaltools.gnu-tools-for-stm32.11.3.rel1.macos64_1.1.0.202305231506/tools/bin/../lib/gcc/arm-none-eabi/11.3.1/thumb/v7e-m/nofp/libgcc.a
LOAD /Applications/STM32CubeIDE.app/Contents/Eclipse/plugins/com.st.stm32cube.ide.mcu.externaltools.gnu-tools-for-stm32.11.3.rel1.macos64_1.1.0.202305231506/tools/bin/../lib/gcc/arm-none-eabi/11.3.1/../../../../arm-none-eabi/lib/thumb/v7e-m/nofp/libc_nano.a
END GROUP
START GROUP
LOAD /Applications/STM32CubeIDE.app/Contents/Eclipse/plugins/com.st.stm32cube.ide.mcu.externaltools.gnu-tools-for-stm32.11.3.rel1.macos64_1.1.0.202305231506/tools/bin/../lib/gcc/arm-none-eabi/11.3.1/thumb/v7e-m/nofp/libgcc.a
LOAD /Applications/STM32CubeIDE.app/Contents/Eclipse/plugins/com.st.stm32cube.ide.mcu.externaltools.gnu-tools-for-stm32.11.3.rel1.macos64_1.1.0.202305231506/tools/bin/../lib/gcc/arm-none-eabi/11.3.1/../../../../arm-none-eabi/lib/thumb/v7e-m/nofp/libc_nano.a
LOAD /Applications/STM32CubeIDE.app/Contents/Eclipse/plugins/com.st.stm32cube.ide.mcu.externaltools.gnu-tools-for-stm32.11.3.rel1.macos64_1.1.0.202305231506/tools/bin/../lib/gcc/arm-none-eabi/11.3.1/../../../../arm-none-eabi/lib/thumb/v7e-m/nofp/libnosys.a
END GROUP
START GROUP
LOAD /Applications/STM32CubeIDE.app/Contents/Eclipse/plugins/com.st.stm32cube.ide.mcu.externaltools.gnu-tools-for-stm32.11.3.rel1.macos64_1.1.0.202305231506/tools/bin/../lib/gcc/arm-none-eabi/11.3.1/thumb/v7e-m/nofp/libgcc.a
LOAD /Applications/STM32CubeIDE.app/Contents/Eclipse/plugins/com.st.stm32cube.ide.mcu.externaltools.gnu-tools-for-stm32.11.3.rel1.macos64_1.1.0.202305231506/tools/bin/../lib/gcc/arm-none-eabi/11.3.1/../../../../arm-none-eabi/lib/thumb/v7e-m/nofp/libc_nano.a
LOAD /Applications/STM32CubeIDE.app/Contents/Eclipse/plugins/com.st.stm32cube.ide.mcu.externaltools.gnu-tools-for-stm32.11.3.rel1.macos64_1.1.0.202305231506/tools/bin/../lib/gcc/arm-none-eabi/11.3.1/../../../../arm-none-eabi/lib/thumb/v7e-m/nofp/libnosys.a
END GROUP
LOAD /Applications/STM32CubeIDE.app/Contents/Eclipse/plugins/com.st.stm32cube.ide.mcu.externaltools.gnu-tools-for-stm32.11.3.rel1.macos64_1.1.0.202305231506/tools/bin/../lib/gcc/arm-none-eabi/11.3.1/thumb/v7e-m/nofp/crtend.o
LOAD /Applications/STM32CubeIDE.app/Contents/Eclipse/plugins/com.st.stm32cube.ide.mcu.externaltools.gnu-tools-for-stm32.11.3.rel1.macos64_1.1.0.202305231506/tools/bin/../lib/gcc/arm-none-eabi/11.3.1/thumb/v7e-m/nofp/crtn.o
                0x0000000020010000                _estack = (ORIGIN (RAM) + LENGTH (RAM))
                0x0000000000000200                _Min_Heap_Size = 0x200
                0x0000000000000400                _Min_Stack_Size = 0x400

.isr_vector     0x0000000008000000      0x138
                0x0000000008000000                . = ALIGN (0x4)
 *(.isr_vector)
 .isr_vector    0x0000000008000000      0x138 ./Core/Startup/startup_stm32wl55jcix.o
                0x0000000008000000                g_pfnVectors
                0x0000000008000138                . = ALIGN (0x4)

.text           0x0000000008000140     0xade4
                0x0000000008000140                . = ALIGN (0x4)
 *(.text)
 .text          0x0000000008000140       0x40 /Applications/STM32CubeIDE.app/Contents/Eclipse/plugins/com.st.stm32cube.ide.mcu.externaltools.gnu-tools-for-stm32.11.3.rel1.macos64_1.1.0.202305231506/tools/bin/../lib/gcc/arm-none-eabi/11.3.1/thumb/v7e-m/nofp/crtbegin.o
 .text          0x0000000008000180       0xa0 /Applications/STM32CubeIDE.app/Contents/Eclipse/plugins/com.st.stm32cube.ide.mcu.externaltools.gnu-tools-for-stm32.11.3.rel1.macos64_1.1.0.202305231506/tools/bin/../lib/gcc/arm-none-eabi/11.3.1/../../../../arm-none-eabi/lib/thumb/v7e-m/nofp/libc_nano.a(libc_a-memchr.o)
                0x0000000008000180                memchr
 .text          0x0000000008000220       0x30 /Applications/STM32CubeIDE.app/Contents/Eclipse/plugins/com.st.stm32cube.ide.mcu.externaltools.gnu-tools-for-stm32.11.3.rel1.macos64_1.1.0.202305231506/tools/bin/../lib/gcc/arm-none-eabi/11.3.1/thumb/v7e-m/nofp/libgcc.a(_aeabi_uldivmod.o)
                0x0000000008000220                __aeabi_uldivmod
 .text          0x0000000008000250      0x2c8 /Applications/STM32CubeIDE.app/Contents/Eclipse/plugins/com.st.stm32cube.ide.mcu.externaltools.gnu-tools-for-stm32.11.3.rel1.macos64_1.1.0.202305231506/tools/bin/../lib/gcc/arm-none-eabi/11.3.1/thumb/v7e-m/nofp/libgcc.a(_udivmoddi4.o)
                0x0000000008000250                __udivmoddi4
 .text          0x0000000008000518        0x4 /Applications/STM32CubeIDE.app/Contents/Eclipse/plugins/com.st.stm32cube.ide.mcu.externaltools.gnu-tools-for-stm32.11.3.rel1.macos64_1.1.0.202305231506/tools/bin/../lib/gcc/arm-none-eabi/11.3.1/thumb/v7e-m/nofp/libgcc.a(_dvmd_tls.o)
                0x0000000008000518                __aeabi_ldiv0
                0x0000000008000518                __aeabi_idiv0
 *(.text*)
 .text.getHDLCPacket
                0x000000000800051c       0xb4 ./Core/Src/ax25_packet.o
                0x000000000800051c                getHDLCPacket
 .text.getAX25Packet
                0x00000000080005d0       0xc4 ./Core/Src/ax25_packet.o
                0x00000000080005d0                getAX25Packet
 .text.myDebug  0x0000000008000694       0x48 ./Core/Src/com_debug.o
                0x0000000008000694                myDebug
 .text.bufferSize
                0x00000000080006dc       0x2c ./Core/Src/com_debug.o
                0x00000000080006dc                bufferSize
 .text.delay_us
                0x0000000008000708       0x34 ./Core/Src/com_debug.o
                0x0000000008000708                delay_us
 .text.calculateCRC_CCITT_AX25
                0x000000000800073c       0x7e ./Core/Src/error_handler.o
                0x000000000800073c                calculateCRC_CCITT_AX25
 .text.bit_stuffing
                0x00000000080007ba      0x150 ./Core/Src/error_handler.o
                0x00000000080007ba                bit_stuffing
 .text.bit_destuffing
                0x000000000800090a       0xf6 ./Core/Src/error_handler.o
                0x000000000800090a                bit_destuffing
 .text.LL_AHB1_GRP1_EnableClock
                0x0000000008000a00       0x30 ./Core/Src/main.o
 .text.LL_AHB2_GRP1_EnableClock
                0x0000000008000a30       0x30 ./Core/Src/main.o
 .text.countsDataBetweenFlags
                0x0000000008000a60       0x6c ./Core/Src/main.o
                0x0000000008000a60                countsDataBetweenFlags
 .text.setPacketParams
                0x0000000008000acc       0x54 ./Core/Src/main.o
                0x0000000008000acc                setPacketParams
 .text.setModulationParams
                0x0000000008000b20       0x3c ./Core/Src/main.o
                0x0000000008000b20                setModulationParams
 .text.radioConfig
                0x0000000008000b5c       0x7c ./Core/Src/main.o
                0x0000000008000b5c                radioConfig
 .text.HAL_UART_RxCpltCallback
                0x0000000008000bd8       0xd4 ./Core/Src/main.o
                0x0000000008000bd8                HAL_UART_RxCpltCallback
 .text.main     0x0000000008000cac      0x2f4 ./Core/Src/main.o
                0x0000000008000cac                main
 .text.SystemClock_Config
                0x0000000008000fa0       0xc0 ./Core/Src/main.o
                0x0000000008000fa0                SystemClock_Config
 .text.MX_SUBGHZ_Init
                0x0000000008001060       0x24 ./Core/Src/main.o
                0x0000000008001060                MX_SUBGHZ_Init
 .text.MX_TIM2_Init
                0x0000000008001084       0x9c ./Core/Src/main.o
 .text.MX_USART2_UART_Init
                0x0000000008001120       0x98 ./Core/Src/main.o
 .text.MX_DMA_Init
                0x00000000080011b8       0x34 ./Core/Src/main.o
 .text.MX_GPIO_Init
                0x00000000080011ec       0xb4 ./Core/Src/main.o
 .text.DioIrqHndlr
                0x00000000080012a0      0x544 ./Core/Src/main.o
                0x00000000080012a0                DioIrqHndlr
 .text.Error_Handler
                0x00000000080017e4        0xa ./Core/Src/main.o
                0x00000000080017e4                Error_Handler
 .text.LL_AHB2_GRP1_EnableClock
                0x00000000080017ee       0x30 ./Core/Src/stm32wlxx_hal_msp.o
 .text.LL_APB1_GRP1_EnableClock
                0x000000000800181e       0x30 ./Core/Src/stm32wlxx_hal_msp.o
 .text.LL_APB3_GRP1_EnableClock
                0x000000000800184e       0x30 ./Core/Src/stm32wlxx_hal_msp.o
 .text.HAL_MspInit
                0x000000000800187e        0xc ./Core/Src/stm32wlxx_hal_msp.o
                0x000000000800187e                HAL_MspInit
 .text.HAL_SUBGHZ_MspInit
                0x000000000800188a       0x26 ./Core/Src/stm32wlxx_hal_msp.o
                0x000000000800188a                HAL_SUBGHZ_MspInit
 .text.HAL_TIM_Base_MspInit
                0x00000000080018b0       0x30 ./Core/Src/stm32wlxx_hal_msp.o
                0x00000000080018b0                HAL_TIM_Base_MspInit
 .text.HAL_UART_MspInit
                0x00000000080018e0      0x178 ./Core/Src/stm32wlxx_hal_msp.o
                0x00000000080018e0                HAL_UART_MspInit
 .text.NMI_Handler
                0x0000000008001a58        0x6 ./Core/Src/stm32wlxx_it.o
                0x0000000008001a58                NMI_Handler
 .text.HardFault_Handler
                0x0000000008001a5e        0x6 ./Core/Src/stm32wlxx_it.o
                0x0000000008001a5e                HardFault_Handler
 .text.MemManage_Handler
                0x0000000008001a64        0x6 ./Core/Src/stm32wlxx_it.o
                0x0000000008001a64                MemManage_Handler
 .text.BusFault_Handler
                0x0000000008001a6a        0x6 ./Core/Src/stm32wlxx_it.o
                0x0000000008001a6a                BusFault_Handler
 .text.UsageFault_Handler
                0x0000000008001a70        0x6 ./Core/Src/stm32wlxx_it.o
                0x0000000008001a70                UsageFault_Handler
 .text.SVC_Handler
                0x0000000008001a76        0xc ./Core/Src/stm32wlxx_it.o
                0x0000000008001a76                SVC_Handler
 .text.DebugMon_Handler
                0x0000000008001a82        0xc ./Core/Src/stm32wlxx_it.o
                0x0000000008001a82                DebugMon_Handler
 .text.PendSV_Handler
                0x0000000008001a8e        0xc ./Core/Src/stm32wlxx_it.o
                0x0000000008001a8e                PendSV_Handler
 .text.SysTick_Handler
                0x0000000008001a9a        0xc ./Core/Src/stm32wlxx_it.o
                0x0000000008001a9a                SysTick_Handler
 *fill*         0x0000000008001aa6        0x2 
 .text.DMA1_Channel1_IRQHandler
                0x0000000008001aa8       0x14 ./Core/Src/stm32wlxx_it.o
                0x0000000008001aa8                DMA1_Channel1_IRQHandler
 .text.DMA1_Channel2_IRQHandler
                0x0000000008001abc       0x14 ./Core/Src/stm32wlxx_it.o
                0x0000000008001abc                DMA1_Channel2_IRQHandler
 .text.TIM2_IRQHandler
                0x0000000008001ad0       0x14 ./Core/Src/stm32wlxx_it.o
                0x0000000008001ad0                TIM2_IRQHandler
 .text.USART2_IRQHandler
                0x0000000008001ae4       0x14 ./Core/Src/stm32wlxx_it.o
                0x0000000008001ae4                USART2_IRQHandler
 .text.SUBGHZ_Radio_IRQHandler
                0x0000000008001af8       0x14 ./Core/Src/stm32wlxx_it.o
                0x0000000008001af8                SUBGHZ_Radio_IRQHandler
 .text.SystemApp_Init
                0x0000000008001b0c        0xc ./Core/Src/sys_app.o
                0x0000000008001b0c                SystemApp_Init
 .text.HAL_GetTick
                0x0000000008001b18       0x28 ./Core/Src/sys_app.o
                0x0000000008001b18                HAL_GetTick
 .text.HAL_Delay
                0x0000000008001b40       0x18 ./Core/Src/sys_app.o
                0x0000000008001b40                HAL_Delay
 .text._sbrk    0x0000000008001b58       0x6c ./Core/Src/sysmem.o
                0x0000000008001b58                _sbrk
 .text.SystemInit
                0x0000000008001bc4        0xc ./Core/Src/system_stm32wlxx.o
                0x0000000008001bc4                SystemInit
 .text.TIMER_IF_Init
                0x0000000008001bd0       0x16 ./Core/Src/timer_if.o
                0x0000000008001bd0                TIMER_IF_Init
 .text.TIMER_IF_StartTimer
                0x0000000008001be6       0x18 ./Core/Src/timer_if.o
                0x0000000008001be6                TIMER_IF_StartTimer
 .text.TIMER_IF_StopTimer
                0x0000000008001bfe       0x16 ./Core/Src/timer_if.o
                0x0000000008001bfe                TIMER_IF_StopTimer
 .text.TIMER_IF_SetTimerContext
                0x0000000008001c14       0x14 ./Core/Src/timer_if.o
                0x0000000008001c14                TIMER_IF_SetTimerContext
 .text.TIMER_IF_GetTimerContext
                0x0000000008001c28       0x14 ./Core/Src/timer_if.o
                0x0000000008001c28                TIMER_IF_GetTimerContext
 .text.TIMER_IF_GetTimerElapsedTime
                0x0000000008001c3c       0x16 ./Core/Src/timer_if.o
                0x0000000008001c3c                TIMER_IF_GetTimerElapsedTime
 .text.TIMER_IF_GetTimerValue
                0x0000000008001c52       0x16 ./Core/Src/timer_if.o
                0x0000000008001c52                TIMER_IF_GetTimerValue
 .text.TIMER_IF_GetMinimumTimeout
                0x0000000008001c68       0x16 ./Core/Src/timer_if.o
                0x0000000008001c68                TIMER_IF_GetMinimumTimeout
 .text.TIMER_IF_Convert_ms2Tick
                0x0000000008001c7e       0x18 ./Core/Src/timer_if.o
                0x0000000008001c7e                TIMER_IF_Convert_ms2Tick
 .text.TIMER_IF_Convert_Tick2ms
                0x0000000008001c96       0x18 ./Core/Src/timer_if.o
                0x0000000008001c96                TIMER_IF_Convert_Tick2ms
 .text.TIMER_IF_DelayMs
                0x0000000008001cae       0x12 ./Core/Src/timer_if.o
                0x0000000008001cae                TIMER_IF_DelayMs
 .text.Reset_Handler
                0x0000000008001cc0       0x50 ./Core/Startup/startup_stm32wl55jcix.o
                0x0000000008001cc0                Reset_Handler
 .text.Default_Handler
                0x0000000008001d10        0x2 ./Core/Startup/startup_stm32wl55jcix.o
                0x0000000008001d10                DMA2_Channel3_IRQHandler
                0x0000000008001d10                EXTI2_IRQHandler
                0x0000000008001d10                TIM1_CC_IRQHandler
                0x0000000008001d10                EXTI3_IRQHandler
                0x0000000008001d10                LPTIM2_IRQHandler
                0x0000000008001d10                I2C3_ER_IRQHandler
                0x0000000008001d10                LPTIM3_IRQHandler
                0x0000000008001d10                EXTI0_IRQHandler
                0x0000000008001d10                I2C2_EV_IRQHandler
                0x0000000008001d10                TAMP_STAMP_LSECSS_SSRU_IRQHandler
                0x0000000008001d10                SPI1_IRQHandler
                0x0000000008001d10                DMA2_Channel2_IRQHandler
                0x0000000008001d10                DMA1_Channel4_IRQHandler
                0x0000000008001d10                PKA_IRQHandler
                0x0000000008001d10                TIM17_IRQHandler
                0x0000000008001d10                DMA1_Channel7_IRQHandler
                0x0000000008001d10                SUBGHZSPI_IRQHandler
                0x0000000008001d10                IPCC_C1_TX_IRQHandler
                0x0000000008001d10                DMA2_Channel1_IRQHandler
                0x0000000008001d10                I2C1_EV_IRQHandler
                0x0000000008001d10                DMAMUX1_OVR_IRQHandler
                0x0000000008001d10                DMA1_Channel6_IRQHandler
                0x0000000008001d10                TIM16_IRQHandler
                0x0000000008001d10                DMA2_Channel4_IRQHandler
                0x0000000008001d10                RCC_IRQHandler
                0x0000000008001d10                TIM1_TRG_COM_IRQHandler
                0x0000000008001d10                Default_Handler
                0x0000000008001d10                DMA2_Channel7_IRQHandler
                0x0000000008001d10                EXTI15_10_IRQHandler
                0x0000000008001d10                IPCC_C1_RX_IRQHandler
                0x0000000008001d10                ADC_IRQHandler
                0x0000000008001d10                C2SEV_PWR_C2H_IRQHandler
                0x0000000008001d10                I2C3_EV_IRQHandler
                0x0000000008001d10                EXTI9_5_IRQHandler
                0x0000000008001d10                RTC_WKUP_IRQHandler
                0x0000000008001d10                PVD_PVM_IRQHandler
                0x0000000008001d10                SPI2_IRQHandler
                0x0000000008001d10                DMA2_Channel5_IRQHandler
                0x0000000008001d10                DMA1_Channel5_IRQHandler
                0x0000000008001d10                EXTI4_IRQHandler
                0x0000000008001d10                RNG_IRQHandler
                0x0000000008001d10                DMA1_Channel3_IRQHandler
                0x0000000008001d10                COMP_IRQHandler
                0x0000000008001d10                HSEM_IRQHandler
                0x0000000008001d10                TIM1_UP_IRQHandler
                0x0000000008001d10                WWDG_IRQHandler
                0x0000000008001d10                LPUART1_IRQHandler
                0x0000000008001d10                DMA2_Channel6_IRQHandler
                0x0000000008001d10                TIM1_BRK_IRQHandler
                0x0000000008001d10                DAC_IRQHandler
                0x0000000008001d10                EXTI1_IRQHandler
                0x0000000008001d10                AES_IRQHandler
                0x0000000008001d10                I2C2_ER_IRQHandler
                0x0000000008001d10                FLASH_IRQHandler
                0x0000000008001d10                USART1_IRQHandler
                0x0000000008001d10                I2C1_ER_IRQHandler
                0x0000000008001d10                LPTIM1_IRQHandler
                0x0000000008001d10                RTC_Alarm_IRQHandler
 *fill*         0x0000000008001d12        0x2 
 .text.HAL_Init
                0x0000000008001d14       0x40 ./Drivers/STM32WLxx_HAL_Driver/Src/stm32wlxx_hal.o
                0x0000000008001d14                HAL_Init
 .text.HAL_InitTick
                0x0000000008001d54       0x74 ./Drivers/STM32WLxx_HAL_Driver/Src/stm32wlxx_hal.o
                0x0000000008001d54                HAL_InitTick
 .text.HAL_IncTick
                0x0000000008001dc8       0x24 ./Drivers/STM32WLxx_HAL_Driver/Src/stm32wlxx_hal.o
                0x0000000008001dc8                HAL_IncTick
 .text.__NVIC_SetPriorityGrouping
                0x0000000008001dec       0x48 ./Drivers/STM32WLxx_HAL_Driver/Src/stm32wlxx_hal_cortex.o
 .text.__NVIC_GetPriorityGrouping
                0x0000000008001e34       0x1c ./Drivers/STM32WLxx_HAL_Driver/Src/stm32wlxx_hal_cortex.o
 .text.__NVIC_EnableIRQ
                0x0000000008001e50       0x38 ./Drivers/STM32WLxx_HAL_Driver/Src/stm32wlxx_hal_cortex.o
 .text.__NVIC_SetPriority
                0x0000000008001e88       0x54 ./Drivers/STM32WLxx_HAL_Driver/Src/stm32wlxx_hal_cortex.o
 .text.NVIC_EncodePriority
                0x0000000008001edc       0x64 ./Drivers/STM32WLxx_HAL_Driver/Src/stm32wlxx_hal_cortex.o
 .text.SysTick_Config
                0x0000000008001f40       0x44 ./Drivers/STM32WLxx_HAL_Driver/Src/stm32wlxx_hal_cortex.o
 .text.HAL_NVIC_SetPriorityGrouping
                0x0000000008001f84       0x16 ./Drivers/STM32WLxx_HAL_Driver/Src/stm32wlxx_hal_cortex.o
                0x0000000008001f84                HAL_NVIC_SetPriorityGrouping
 .text.HAL_NVIC_SetPriority
                0x0000000008001f9a       0x34 ./Drivers/STM32WLxx_HAL_Driver/Src/stm32wlxx_hal_cortex.o
                0x0000000008001f9a                HAL_NVIC_SetPriority
 .text.HAL_NVIC_EnableIRQ
                0x0000000008001fce       0x1c ./Drivers/STM32WLxx_HAL_Driver/Src/stm32wlxx_hal_cortex.o
                0x0000000008001fce                HAL_NVIC_EnableIRQ
 .text.HAL_SYSTICK_Config
                0x0000000008001fea       0x18 ./Drivers/STM32WLxx_HAL_Driver/Src/stm32wlxx_hal_cortex.o
                0x0000000008001fea                HAL_SYSTICK_Config
 *fill*         0x0000000008002002        0x2 
 .text.HAL_DMA_Init
                0x0000000008002004      0x150 ./Drivers/STM32WLxx_HAL_Driver/Src/stm32wlxx_hal_dma.o
                0x0000000008002004                HAL_DMA_Init
 .text.HAL_DMA_Start_IT
                0x0000000008002154       0xfc ./Drivers/STM32WLxx_HAL_Driver/Src/stm32wlxx_hal_dma.o
                0x0000000008002154                HAL_DMA_Start_IT
 .text.HAL_DMA_Abort
                0x0000000008002250       0xbc ./Drivers/STM32WLxx_HAL_Driver/Src/stm32wlxx_hal_dma.o
                0x0000000008002250                HAL_DMA_Abort
 .text.HAL_DMA_Abort_IT
                0x000000000800230c       0xbe ./Drivers/STM32WLxx_HAL_Driver/Src/stm32wlxx_hal_dma.o
                0x000000000800230c                HAL_DMA_Abort_IT
 *fill*         0x00000000080023ca        0x2 
 .text.HAL_DMA_IRQHandler
                0x00000000080023cc      0x18c ./Drivers/STM32WLxx_HAL_Driver/Src/stm32wlxx_hal_dma.o
                0x00000000080023cc                HAL_DMA_IRQHandler
 .text.HAL_DMA_ConfigChannelAttributes
                0x0000000008002558       0x5e ./Drivers/STM32WLxx_HAL_Driver/Src/stm32wlxx_hal_dma.o
                0x0000000008002558                HAL_DMA_ConfigChannelAttributes
 .text.DMA_SetConfig
                0x00000000080025b6       0x7a ./Drivers/STM32WLxx_HAL_Driver/Src/stm32wlxx_hal_dma.o
 .text.DMA_CalcDMAMUXChannelBaseAndMask
                0x0000000008002630       0x90 ./Drivers/STM32WLxx_HAL_Driver/Src/stm32wlxx_hal_dma.o
 .text.DMA_CalcDMAMUXRequestGenBaseAndMask
                0x00000000080026c0       0x48 ./Drivers/STM32WLxx_HAL_Driver/Src/stm32wlxx_hal_dma.o
 .text.HAL_GPIO_Init
                0x0000000008002708      0x2c0 ./Drivers/STM32WLxx_HAL_Driver/Src/stm32wlxx_hal_gpio.o
                0x0000000008002708                HAL_GPIO_Init
 .text.HAL_GPIO_WritePin
                0x00000000080029c8       0x2e ./Drivers/STM32WLxx_HAL_Driver/Src/stm32wlxx_hal_gpio.o
                0x00000000080029c8                HAL_GPIO_WritePin
 *fill*         0x00000000080029f6        0x2 
 .text.HAL_PWR_EnableBkUpAccess
                0x00000000080029f8       0x1c ./Drivers/STM32WLxx_HAL_Driver/Src/stm32wlxx_hal_pwr.o
                0x00000000080029f8                HAL_PWR_EnableBkUpAccess
 .text.HAL_PWREx_GetVoltageRange
                0x0000000008002a14       0x18 ./Drivers/STM32WLxx_HAL_Driver/Src/stm32wlxx_hal_pwr_ex.o
                0x0000000008002a14                HAL_PWREx_GetVoltageRange
 .text.LL_PWR_IsEnabledBkUpAccess
                0x0000000008002a2c       0x24 ./Drivers/STM32WLxx_HAL_Driver/Src/stm32wlxx_hal_rcc.o
 .text.LL_RCC_HSE_EnableTcxo
                0x0000000008002a50       0x1c ./Drivers/STM32WLxx_HAL_Driver/Src/stm32wlxx_hal_rcc.o
 .text.LL_RCC_HSE_DisableTcxo
                0x0000000008002a6c       0x1c ./Drivers/STM32WLxx_HAL_Driver/Src/stm32wlxx_hal_rcc.o
 .text.LL_RCC_HSE_IsEnabledDiv2
                0x0000000008002a88       0x22 ./Drivers/STM32WLxx_HAL_Driver/Src/stm32wlxx_hal_rcc.o
 .text.LL_RCC_HSE_Enable
                0x0000000008002aaa       0x1c ./Drivers/STM32WLxx_HAL_Driver/Src/stm32wlxx_hal_rcc.o
 .text.LL_RCC_HSE_Disable
                0x0000000008002ac6       0x1c ./Drivers/STM32WLxx_HAL_Driver/Src/stm32wlxx_hal_rcc.o
 .text.LL_RCC_HSE_IsReady
                0x0000000008002ae2       0x22 ./Drivers/STM32WLxx_HAL_Driver/Src/stm32wlxx_hal_rcc.o
 .text.LL_RCC_HSI_Enable
                0x0000000008002b04       0x1c ./Drivers/STM32WLxx_HAL_Driver/Src/stm32wlxx_hal_rcc.o
 .text.LL_RCC_HSI_Disable
                0x0000000008002b20       0x1c ./Drivers/STM32WLxx_HAL_Driver/Src/stm32wlxx_hal_rcc.o
 .text.LL_RCC_HSI_IsReady
                0x0000000008002b3c       0x22 ./Drivers/STM32WLxx_HAL_Driver/Src/stm32wlxx_hal_rcc.o
 .text.LL_RCC_HSI_SetCalibTrimming
                0x0000000008002b5e       0x28 ./Drivers/STM32WLxx_HAL_Driver/Src/stm32wlxx_hal_rcc.o
 .text.LL_RCC_LSE_IsReady
                0x0000000008002b86       0x22 ./Drivers/STM32WLxx_HAL_Driver/Src/stm32wlxx_hal_rcc.o
 .text.LL_RCC_LSI_Enable
                0x0000000008002ba8       0x20 ./Drivers/STM32WLxx_HAL_Driver/Src/stm32wlxx_hal_rcc.o
 .text.LL_RCC_LSI_Disable
                0x0000000008002bc8       0x20 ./Drivers/STM32WLxx_HAL_Driver/Src/stm32wlxx_hal_rcc.o
 .text.LL_RCC_LSI_IsReady
                0x0000000008002be8       0x22 ./Drivers/STM32WLxx_HAL_Driver/Src/stm32wlxx_hal_rcc.o
 .text.LL_RCC_MSI_Enable
                0x0000000008002c0a       0x1c ./Drivers/STM32WLxx_HAL_Driver/Src/stm32wlxx_hal_rcc.o
 .text.LL_RCC_MSI_Disable
                0x0000000008002c26       0x1c ./Drivers/STM32WLxx_HAL_Driver/Src/stm32wlxx_hal_rcc.o
 .text.LL_RCC_MSI_IsReady
                0x0000000008002c42       0x20 ./Drivers/STM32WLxx_HAL_Driver/Src/stm32wlxx_hal_rcc.o
 .text.LL_RCC_MSI_IsEnabledRangeSelect
                0x0000000008002c62       0x20 ./Drivers/STM32WLxx_HAL_Driver/Src/stm32wlxx_hal_rcc.o
 .text.LL_RCC_MSI_GetRange
                0x0000000008002c82       0x16 ./Drivers/STM32WLxx_HAL_Driver/Src/stm32wlxx_hal_rcc.o
 .text.LL_RCC_MSI_GetRangeAfterStandby
                0x0000000008002c98       0x18 ./Drivers/STM32WLxx_HAL_Driver/Src/stm32wlxx_hal_rcc.o
 .text.LL_RCC_MSI_SetCalibTrimming
                0x0000000008002cb0       0x28 ./Drivers/STM32WLxx_HAL_Driver/Src/stm32wlxx_hal_rcc.o
 .text.LL_RCC_SetSysClkSource
                0x0000000008002cd8       0x26 ./Drivers/STM32WLxx_HAL_Driver/Src/stm32wlxx_hal_rcc.o
 .text.LL_RCC_GetSysClkSource
                0x0000000008002cfe       0x16 ./Drivers/STM32WLxx_HAL_Driver/Src/stm32wlxx_hal_rcc.o
 .text.LL_RCC_SetAHBPrescaler
                0x0000000008002d14       0x26 ./Drivers/STM32WLxx_HAL_Driver/Src/stm32wlxx_hal_rcc.o
 .text.LL_C2_RCC_SetAHBPrescaler
                0x0000000008002d3a       0x2a ./Drivers/STM32WLxx_HAL_Driver/Src/stm32wlxx_hal_rcc.o
 .text.LL_RCC_SetAHB3Prescaler
                0x0000000008002d64       0x2c ./Drivers/STM32WLxx_HAL_Driver/Src/stm32wlxx_hal_rcc.o
 .text.LL_RCC_SetAPB1Prescaler
                0x0000000008002d90       0x26 ./Drivers/STM32WLxx_HAL_Driver/Src/stm32wlxx_hal_rcc.o
 .text.LL_RCC_SetAPB2Prescaler
                0x0000000008002db6       0x26 ./Drivers/STM32WLxx_HAL_Driver/Src/stm32wlxx_hal_rcc.o
 .text.LL_RCC_GetAHBPrescaler
                0x0000000008002ddc       0x16 ./Drivers/STM32WLxx_HAL_Driver/Src/stm32wlxx_hal_rcc.o
 .text.LL_RCC_GetAHB3Prescaler
                0x0000000008002df2       0x1a ./Drivers/STM32WLxx_HAL_Driver/Src/stm32wlxx_hal_rcc.o
 .text.LL_RCC_GetAPB1Prescaler
                0x0000000008002e0c       0x16 ./Drivers/STM32WLxx_HAL_Driver/Src/stm32wlxx_hal_rcc.o
 .text.LL_RCC_GetAPB2Prescaler
                0x0000000008002e22       0x16 ./Drivers/STM32WLxx_HAL_Driver/Src/stm32wlxx_hal_rcc.o
 .text.LL_RCC_PLL_Enable
                0x0000000008002e38       0x1c ./Drivers/STM32WLxx_HAL_Driver/Src/stm32wlxx_hal_rcc.o
 .text.LL_RCC_PLL_Disable
                0x0000000008002e54       0x1c ./Drivers/STM32WLxx_HAL_Driver/Src/stm32wlxx_hal_rcc.o
 .text.LL_RCC_PLL_IsReady
                0x0000000008002e70       0x22 ./Drivers/STM32WLxx_HAL_Driver/Src/stm32wlxx_hal_rcc.o
 .text.LL_RCC_PLL_GetN
                0x0000000008002e92       0x18 ./Drivers/STM32WLxx_HAL_Driver/Src/stm32wlxx_hal_rcc.o
 .text.LL_RCC_PLL_GetR
                0x0000000008002eaa       0x16 ./Drivers/STM32WLxx_HAL_Driver/Src/stm32wlxx_hal_rcc.o
 .text.LL_RCC_PLL_GetDivider
                0x0000000008002ec0       0x16 ./Drivers/STM32WLxx_HAL_Driver/Src/stm32wlxx_hal_rcc.o
 .text.LL_RCC_PLL_GetMainSource
                0x0000000008002ed6       0x16 ./Drivers/STM32WLxx_HAL_Driver/Src/stm32wlxx_hal_rcc.o
 .text.LL_RCC_IsActiveFlag_HPRE
                0x0000000008002eec       0x22 ./Drivers/STM32WLxx_HAL_Driver/Src/stm32wlxx_hal_rcc.o
 .text.LL_RCC_IsActiveFlag_C2HPRE
                0x0000000008002f0e       0x24 ./Drivers/STM32WLxx_HAL_Driver/Src/stm32wlxx_hal_rcc.o
 .text.LL_RCC_IsActiveFlag_SHDHPRE
                0x0000000008002f32       0x24 ./Drivers/STM32WLxx_HAL_Driver/Src/stm32wlxx_hal_rcc.o
 .text.LL_RCC_IsActiveFlag_PPRE1
                0x0000000008002f56       0x22 ./Drivers/STM32WLxx_HAL_Driver/Src/stm32wlxx_hal_rcc.o
 .text.LL_RCC_IsActiveFlag_PPRE2
                0x0000000008002f78       0x22 ./Drivers/STM32WLxx_HAL_Driver/Src/stm32wlxx_hal_rcc.o
 *fill*         0x0000000008002f9a        0x2 
 .text.HAL_RCC_OscConfig
                0x0000000008002f9c      0x704 ./Drivers/STM32WLxx_HAL_Driver/Src/stm32wlxx_hal_rcc.o
                0x0000000008002f9c                HAL_RCC_OscConfig
 .text.HAL_RCC_ClockConfig
                0x00000000080036a0      0x284 ./Drivers/STM32WLxx_HAL_Driver/Src/stm32wlxx_hal_rcc.o
                0x00000000080036a0                HAL_RCC_ClockConfig
 .text.HAL_RCC_GetSysClockFreq
                0x0000000008003924      0x140 ./Drivers/STM32WLxx_HAL_Driver/Src/stm32wlxx_hal_rcc.o
                0x0000000008003924                HAL_RCC_GetSysClockFreq
 .text.HAL_RCC_GetHCLKFreq
                0x0000000008003a64       0x28 ./Drivers/STM32WLxx_HAL_Driver/Src/stm32wlxx_hal_rcc.o
                0x0000000008003a64                HAL_RCC_GetHCLKFreq
 .text.HAL_RCC_GetPCLK1Freq
                0x0000000008003a8c       0x24 ./Drivers/STM32WLxx_HAL_Driver/Src/stm32wlxx_hal_rcc.o
                0x0000000008003a8c                HAL_RCC_GetPCLK1Freq
 .text.HAL_RCC_GetPCLK2Freq
                0x0000000008003ab0       0x24 ./Drivers/STM32WLxx_HAL_Driver/Src/stm32wlxx_hal_rcc.o
                0x0000000008003ab0                HAL_RCC_GetPCLK2Freq
 .text.RCC_SetFlashLatencyFromMSIRange
                0x0000000008003ad4       0x60 ./Drivers/STM32WLxx_HAL_Driver/Src/stm32wlxx_hal_rcc.o
 .text.RCC_SetFlashLatency
                0x0000000008003b34      0x104 ./Drivers/STM32WLxx_HAL_Driver/Src/stm32wlxx_hal_rcc.o
 .text.LL_RCC_LSE_IsReady
                0x0000000008003c38       0x22 ./Drivers/STM32WLxx_HAL_Driver/Src/stm32wlxx_hal_rcc_ex.o
 .text.LL_RCC_SetUSARTClockSource
                0x0000000008003c5a       0x30 ./Drivers/STM32WLxx_HAL_Driver/Src/stm32wlxx_hal_rcc_ex.o
 .text.LL_RCC_SetI2SClockSource
                0x0000000008003c8a       0x2a ./Drivers/STM32WLxx_HAL_Driver/Src/stm32wlxx_hal_rcc_ex.o
 .text.LL_RCC_SetLPUARTClockSource
                0x0000000008003cb4       0x2a ./Drivers/STM32WLxx_HAL_Driver/Src/stm32wlxx_hal_rcc_ex.o
 .text.LL_RCC_SetI2CClockSource
                0x0000000008003cde       0x38 ./Drivers/STM32WLxx_HAL_Driver/Src/stm32wlxx_hal_rcc_ex.o
 .text.LL_RCC_SetLPTIMClockSource
                0x0000000008003d16       0x32 ./Drivers/STM32WLxx_HAL_Driver/Src/stm32wlxx_hal_rcc_ex.o
 .text.LL_RCC_SetRNGClockSource
                0x0000000008003d48       0x2a ./Drivers/STM32WLxx_HAL_Driver/Src/stm32wlxx_hal_rcc_ex.o
 .text.LL_RCC_SetADCClockSource
                0x0000000008003d72       0x2a ./Drivers/STM32WLxx_HAL_Driver/Src/stm32wlxx_hal_rcc_ex.o
 .text.LL_RCC_SetRTCClockSource
                0x0000000008003d9c       0x2a ./Drivers/STM32WLxx_HAL_Driver/Src/stm32wlxx_hal_rcc_ex.o
 .text.LL_RCC_GetRTCClockSource
                0x0000000008003dc6       0x18 ./Drivers/STM32WLxx_HAL_Driver/Src/stm32wlxx_hal_rcc_ex.o
 .text.LL_RCC_ForceBackupDomainReset
                0x0000000008003dde       0x20 ./Drivers/STM32WLxx_HAL_Driver/Src/stm32wlxx_hal_rcc_ex.o
 .text.LL_RCC_ReleaseBackupDomainReset
                0x0000000008003dfe       0x20 ./Drivers/STM32WLxx_HAL_Driver/Src/stm32wlxx_hal_rcc_ex.o
 *fill*         0x0000000008003e1e        0x2 
 .text.HAL_RCCEx_PeriphCLKConfig
                0x0000000008003e20      0x234 ./Drivers/STM32WLxx_HAL_Driver/Src/stm32wlxx_hal_rcc_ex.o
                0x0000000008003e20                HAL_RCCEx_PeriphCLKConfig
 .text.LL_PWR_SetRadioBusyTrigger
                0x0000000008004054       0x28 ./Drivers/STM32WLxx_HAL_Driver/Src/stm32wlxx_hal_subghz.o
 .text.LL_PWR_UnselectSUBGHZSPI_NSS
                0x000000000800407c       0x20 ./Drivers/STM32WLxx_HAL_Driver/Src/stm32wlxx_hal_subghz.o
 .text.LL_PWR_SelectSUBGHZSPI_NSS
                0x000000000800409c       0x20 ./Drivers/STM32WLxx_HAL_Driver/Src/stm32wlxx_hal_subghz.o
 .text.LL_PWR_ClearFlag_RFBUSY
                0x00000000080040bc       0x18 ./Drivers/STM32WLxx_HAL_Driver/Src/stm32wlxx_hal_subghz.o
 .text.LL_PWR_IsActiveFlag_RFBUSYS
                0x00000000080040d4       0x24 ./Drivers/STM32WLxx_HAL_Driver/Src/stm32wlxx_hal_subghz.o
 .text.LL_PWR_IsActiveFlag_RFBUSYMS
                0x00000000080040f8       0x24 ./Drivers/STM32WLxx_HAL_Driver/Src/stm32wlxx_hal_subghz.o
 .text.LL_RCC_RF_DisableReset
                0x000000000800411c       0x20 ./Drivers/STM32WLxx_HAL_Driver/Src/stm32wlxx_hal_subghz.o
 .text.LL_RCC_IsRFUnderReset
                0x000000000800413c       0x24 ./Drivers/STM32WLxx_HAL_Driver/Src/stm32wlxx_hal_subghz.o
 .text.LL_EXTI_EnableIT_32_63
                0x0000000008004160       0x28 ./Drivers/STM32WLxx_HAL_Driver/Src/stm32wlxx_hal_subghz.o
 .text.HAL_SUBGHZ_Init
                0x0000000008004188       0xc8 ./Drivers/STM32WLxx_HAL_Driver/Src/stm32wlxx_hal_subghz.o
                0x0000000008004188                HAL_SUBGHZ_Init
 .text.HAL_SUBGHZ_WriteRegisters
                0x0000000008004250       0xbe ./Drivers/STM32WLxx_HAL_Driver/Src/stm32wlxx_hal_subghz.o
                0x0000000008004250                HAL_SUBGHZ_WriteRegisters
 .text.HAL_SUBGHZ_ReadRegisters
                0x000000000800430e       0xc2 ./Drivers/STM32WLxx_HAL_Driver/Src/stm32wlxx_hal_subghz.o
                0x000000000800430e                HAL_SUBGHZ_ReadRegisters
 .text.HAL_SUBGHZ_ExecSetCmd
                0x00000000080043d0       0xbe ./Drivers/STM32WLxx_HAL_Driver/Src/stm32wlxx_hal_subghz.o
                0x00000000080043d0                HAL_SUBGHZ_ExecSetCmd
 .text.HAL_SUBGHZ_ExecGetCmd
                0x000000000800448e       0xa8 ./Drivers/STM32WLxx_HAL_Driver/Src/stm32wlxx_hal_subghz.o
                0x000000000800448e                HAL_SUBGHZ_ExecGetCmd
 .text.HAL_SUBGHZ_WriteBuffer
                0x0000000008004536       0xa6 ./Drivers/STM32WLxx_HAL_Driver/Src/stm32wlxx_hal_subghz.o
                0x0000000008004536                HAL_SUBGHZ_WriteBuffer
 .text.HAL_SUBGHZ_ReadBuffer
                0x00000000080045dc       0xb0 ./Drivers/STM32WLxx_HAL_Driver/Src/stm32wlxx_hal_subghz.o
                0x00000000080045dc                HAL_SUBGHZ_ReadBuffer
 .text.HAL_SUBGHZ_IRQHandler
                0x000000000800468c       0xfa ./Drivers/STM32WLxx_HAL_Driver/Src/stm32wlxx_hal_subghz.o
                0x000000000800468c                HAL_SUBGHZ_IRQHandler
 *fill*         0x0000000008004786        0x2 
 .text.SUBGHZSPI_Init
                0x0000000008004788       0x40 ./Drivers/STM32WLxx_HAL_Driver/Src/stm32wlxx_hal_subghz.o
                0x0000000008004788                SUBGHZSPI_Init
 .text.SUBGHZSPI_Transmit
                0x00000000080047c8       0xac ./Drivers/STM32WLxx_HAL_Driver/Src/stm32wlxx_hal_subghz.o
                0x00000000080047c8                SUBGHZSPI_Transmit
 .text.SUBGHZSPI_Receive
                0x0000000008004874       0xb0 ./Drivers/STM32WLxx_HAL_Driver/Src/stm32wlxx_hal_subghz.o
                0x0000000008004874                SUBGHZSPI_Receive
 .text.SUBGHZ_CheckDeviceReady
                0x0000000008004924       0x48 ./Drivers/STM32WLxx_HAL_Driver/Src/stm32wlxx_hal_subghz.o
                0x0000000008004924                SUBGHZ_CheckDeviceReady
 .text.SUBGHZ_WaitOnBusy
                0x000000000800496c       0x5c ./Drivers/STM32WLxx_HAL_Driver/Src/stm32wlxx_hal_subghz.o
                0x000000000800496c                SUBGHZ_WaitOnBusy
 .text.HAL_TIM_Base_Init
                0x00000000080049c8       0xae ./Drivers/STM32WLxx_HAL_Driver/Src/stm32wlxx_hal_tim.o
                0x00000000080049c8                HAL_TIM_Base_Init
 *fill*         0x0000000008004a76        0x2 
 .text.HAL_TIM_Base_Start
                0x0000000008004a78       0x88 ./Drivers/STM32WLxx_HAL_Driver/Src/stm32wlxx_hal_tim.o
                0x0000000008004a78                HAL_TIM_Base_Start
 .text.HAL_TIM_IRQHandler
                0x0000000008004b00      0x23e ./Drivers/STM32WLxx_HAL_Driver/Src/stm32wlxx_hal_tim.o
                0x0000000008004b00                HAL_TIM_IRQHandler
 .text.HAL_TIM_ConfigClockSource
                0x0000000008004d3e      0x192 ./Drivers/STM32WLxx_HAL_Driver/Src/stm32wlxx_hal_tim.o
                0x0000000008004d3e                HAL_TIM_ConfigClockSource
 .text.HAL_TIM_PeriodElapsedCallback
                0x0000000008004ed0       0x12 ./Drivers/STM32WLxx_HAL_Driver/Src/stm32wlxx_hal_tim.o
                0x0000000008004ed0                HAL_TIM_PeriodElapsedCallback
 .text.HAL_TIM_OC_DelayElapsedCallback
                0x0000000008004ee2       0x12 ./Drivers/STM32WLxx_HAL_Driver/Src/stm32wlxx_hal_tim.o
                0x0000000008004ee2                HAL_TIM_OC_DelayElapsedCallback
 .text.HAL_TIM_IC_CaptureCallback
                0x0000000008004ef4       0x12 ./Drivers/STM32WLxx_HAL_Driver/Src/stm32wlxx_hal_tim.o
                0x0000000008004ef4                HAL_TIM_IC_CaptureCallback
 .text.HAL_TIM_PWM_PulseFinishedCallback
                0x0000000008004f06       0x12 ./Drivers/STM32WLxx_HAL_Driver/Src/stm32wlxx_hal_tim.o
                0x0000000008004f06                HAL_TIM_PWM_PulseFinishedCallback
 .text.HAL_TIM_TriggerCallback
                0x0000000008004f18       0x12 ./Drivers/STM32WLxx_HAL_Driver/Src/stm32wlxx_hal_tim.o
                0x0000000008004f18                HAL_TIM_TriggerCallback
 *fill*         0x0000000008004f2a        0x2 
 .text.TIM_Base_SetConfig
                0x0000000008004f2c       0xc4 ./Drivers/STM32WLxx_HAL_Driver/Src/stm32wlxx_hal_tim.o
                0x0000000008004f2c                TIM_Base_SetConfig
 .text.TIM_TI1_ConfigInputStage
                0x0000000008004ff0       0x5c ./Drivers/STM32WLxx_HAL_Driver/Src/stm32wlxx_hal_tim.o
 .text.TIM_TI2_ConfigInputStage
                0x000000000800504c       0x5e ./Drivers/STM32WLxx_HAL_Driver/Src/stm32wlxx_hal_tim.o
 .text.TIM_ITRx_SetConfig
                0x00000000080050aa       0x38 ./Drivers/STM32WLxx_HAL_Driver/Src/stm32wlxx_hal_tim.o
 .text.TIM_ETR_SetConfig
                0x00000000080050e2       0x3e ./Drivers/STM32WLxx_HAL_Driver/Src/stm32wlxx_hal_tim.o
                0x00000000080050e2                TIM_ETR_SetConfig
 .text.HAL_TIMEx_MasterConfigSynchronization
                0x0000000008005120       0xbc ./Drivers/STM32WLxx_HAL_Driver/Src/stm32wlxx_hal_tim_ex.o
                0x0000000008005120                HAL_TIMEx_MasterConfigSynchronization
 .text.HAL_TIMEx_CommutCallback
                0x00000000080051dc       0x12 ./Drivers/STM32WLxx_HAL_Driver/Src/stm32wlxx_hal_tim_ex.o
                0x00000000080051dc                HAL_TIMEx_CommutCallback
 .text.HAL_TIMEx_BreakCallback
                0x00000000080051ee       0x12 ./Drivers/STM32WLxx_HAL_Driver/Src/stm32wlxx_hal_tim_ex.o
                0x00000000080051ee                HAL_TIMEx_BreakCallback
 .text.HAL_TIMEx_Break2Callback
                0x0000000008005200       0x12 ./Drivers/STM32WLxx_HAL_Driver/Src/stm32wlxx_hal_tim_ex.o
                0x0000000008005200                HAL_TIMEx_Break2Callback
 .text.LL_RCC_GetUSARTClockSource
                0x0000000008005212       0x24 ./Drivers/STM32WLxx_HAL_Driver/Src/stm32wlxx_hal_uart.o
 .text.LL_RCC_GetLPUARTClockSource
                0x0000000008005236       0x1e ./Drivers/STM32WLxx_HAL_Driver/Src/stm32wlxx_hal_uart.o
 .text.HAL_UART_Init
                0x0000000008005254       0xa0 ./Drivers/STM32WLxx_HAL_Driver/Src/stm32wlxx_hal_uart.o
                0x0000000008005254                HAL_UART_Init
 .text.HAL_UART_Transmit
                0x00000000080052f4      0x10c ./Drivers/STM32WLxx_HAL_Driver/Src/stm32wlxx_hal_uart.o
                0x00000000080052f4                HAL_UART_Transmit
 .text.HAL_UART_Receive_DMA
                0x0000000008005400       0x98 ./Drivers/STM32WLxx_HAL_Driver/Src/stm32wlxx_hal_uart.o
                0x0000000008005400                HAL_UART_Receive_DMA
 .text.HAL_UART_IRQHandler
                0x0000000008005498      0x648 ./Drivers/STM32WLxx_HAL_Driver/Src/stm32wlxx_hal_uart.o
                0x0000000008005498                HAL_UART_IRQHandler
 .text.HAL_UART_TxCpltCallback
                0x0000000008005ae0       0x12 ./Drivers/STM32WLxx_HAL_Driver/Src/stm32wlxx_hal_uart.o
                0x0000000008005ae0                HAL_UART_TxCpltCallback
 .text.HAL_UART_RxHalfCpltCallback
                0x0000000008005af2       0x12 ./Drivers/STM32WLxx_HAL_Driver/Src/stm32wlxx_hal_uart.o
                0x0000000008005af2                HAL_UART_RxHalfCpltCallback
 .text.HAL_UART_ErrorCallback
                0x0000000008005b04       0x12 ./Drivers/STM32WLxx_HAL_Driver/Src/stm32wlxx_hal_uart.o
                0x0000000008005b04                HAL_UART_ErrorCallback
 .text.HAL_UARTEx_RxEventCallback
                0x0000000008005b16       0x16 ./Drivers/STM32WLxx_HAL_Driver/Src/stm32wlxx_hal_uart.o
                0x0000000008005b16                HAL_UARTEx_RxEventCallback
 .text.UART_SetConfig
                0x0000000008005b2c      0x4e8 ./Drivers/STM32WLxx_HAL_Driver/Src/stm32wlxx_hal_uart.o
                0x0000000008005b2c                UART_SetConfig
 .text.UART_AdvFeatureConfig
                0x0000000008006014      0x142 ./Drivers/STM32WLxx_HAL_Driver/Src/stm32wlxx_hal_uart.o
                0x0000000008006014                UART_AdvFeatureConfig
 .text.UART_CheckIdleState
                0x0000000008006156       0x9c ./Drivers/STM32WLxx_HAL_Driver/Src/stm32wlxx_hal_uart.o
                0x0000000008006156                UART_CheckIdleState
 .text.UART_WaitOnFlagUntilTimeout
                0x00000000080061f2      0x190 ./Drivers/STM32WLxx_HAL_Driver/Src/stm32wlxx_hal_uart.o
                0x00000000080061f2                UART_WaitOnFlagUntilTimeout
 *fill*         0x0000000008006382        0x2 
 .text.UART_Start_Receive_DMA
                0x0000000008006384      0x14c ./Drivers/STM32WLxx_HAL_Driver/Src/stm32wlxx_hal_uart.o
                0x0000000008006384                UART_Start_Receive_DMA
 .text.UART_EndTxTransfer
                0x00000000080064d0       0x80 ./Drivers/STM32WLxx_HAL_Driver/Src/stm32wlxx_hal_uart.o
 .text.UART_EndRxTransfer
                0x0000000008006550       0xca ./Drivers/STM32WLxx_HAL_Driver/Src/stm32wlxx_hal_uart.o
 .text.UART_DMAReceiveCplt
                0x000000000800661a      0x12c ./Drivers/STM32WLxx_HAL_Driver/Src/stm32wlxx_hal_uart.o
 .text.UART_DMARxHalfCplt
                0x0000000008006746       0x3e ./Drivers/STM32WLxx_HAL_Driver/Src/stm32wlxx_hal_uart.o
 .text.UART_DMAError
                0x0000000008006784       0x80 ./Drivers/STM32WLxx_HAL_Driver/Src/stm32wlxx_hal_uart.o
 .text.UART_DMAAbortOnError
                0x0000000008006804       0x2c ./Drivers/STM32WLxx_HAL_Driver/Src/stm32wlxx_hal_uart.o
 .text.UART_EndTransmit_IT
                0x0000000008006830       0x56 ./Drivers/STM32WLxx_HAL_Driver/Src/stm32wlxx_hal_uart.o
 .text.HAL_UARTEx_WakeupCallback
                0x0000000008006886       0x12 ./Drivers/STM32WLxx_HAL_Driver/Src/stm32wlxx_hal_uart_ex.o
                0x0000000008006886                HAL_UARTEx_WakeupCallback
 .text.HAL_UARTEx_RxFifoFullCallback
                0x0000000008006898       0x12 ./Drivers/STM32WLxx_HAL_Driver/Src/stm32wlxx_hal_uart_ex.o
                0x0000000008006898                HAL_UARTEx_RxFifoFullCallback
 .text.HAL_UARTEx_TxFifoEmptyCallback
                0x00000000080068aa       0x12 ./Drivers/STM32WLxx_HAL_Driver/Src/stm32wlxx_hal_uart_ex.o
                0x00000000080068aa                HAL_UARTEx_TxFifoEmptyCallback
 .text.HAL_UARTEx_DisableFifoMode
                0x00000000080068bc       0x70 ./Drivers/STM32WLxx_HAL_Driver/Src/stm32wlxx_hal_uart_ex.o
                0x00000000080068bc                HAL_UARTEx_DisableFifoMode
 .text.HAL_UARTEx_SetTxFifoThreshold
                0x000000000800692c       0x7c ./Drivers/STM32WLxx_HAL_Driver/Src/stm32wlxx_hal_uart_ex.o
                0x000000000800692c                HAL_UARTEx_SetTxFifoThreshold
 .text.HAL_UARTEx_SetRxFifoThreshold
                0x00000000080069a8       0x7c ./Drivers/STM32WLxx_HAL_Driver/Src/stm32wlxx_hal_uart_ex.o
                0x00000000080069a8                HAL_UARTEx_SetRxFifoThreshold
 .text.UARTEx_SetNbDataToProcess
                0x0000000008006a24       0x98 ./Drivers/STM32WLxx_HAL_Driver/Src/stm32wlxx_hal_uart_ex.o
 .text.RadioInit
                0x0000000008006abc       0xb8 ./Middlewares/Third_Party/SubGHz_Phy/stm32_radio_driver/radio.o
 .text.RadioGetStatus
                0x0000000008006b74       0x2e ./Middlewares/Third_Party/SubGHz_Phy/stm32_radio_driver/radio.o
 *fill*         0x0000000008006ba2        0x2 
 .text.RadioSetModem
                0x0000000008006ba4       0xb8 ./Middlewares/Third_Party/SubGHz_Phy/stm32_radio_driver/radio.o
 .text.RadioSetChannel
                0x0000000008006c5c       0x16 ./Middlewares/Third_Party/SubGHz_Phy/stm32_radio_driver/radio.o
 .text.RadioIsChannelFree
                0x0000000008006c72       0xb4 ./Middlewares/Third_Party/SubGHz_Phy/stm32_radio_driver/radio.o
 .text.RadioRandom
                0x0000000008006d26       0x26 ./Middlewares/Third_Party/SubGHz_Phy/stm32_radio_driver/radio.o
 .text.RadioSetRxConfig
                0x0000000008006d4c      0x418 ./Middlewares/Third_Party/SubGHz_Phy/stm32_radio_driver/radio.o
 .text.RadioSetTxConfig
                0x0000000008007164      0x224 ./Middlewares/Third_Party/SubGHz_Phy/stm32_radio_driver/radio.o
 .text.RadioCheckRfFrequency
                0x0000000008007388       0x14 ./Middlewares/Third_Party/SubGHz_Phy/stm32_radio_driver/radio.o
 .text.RadioGetLoRaBandwidthInHz
                0x000000000800739c       0xac ./Middlewares/Third_Party/SubGHz_Phy/stm32_radio_driver/radio.o
 .text.RadioGetGfskTimeOnAirNumerator
                0x0000000008007448       0x54 ./Middlewares/Third_Party/SubGHz_Phy/stm32_radio_driver/radio.o
 .text.RadioGetLoRaTimeOnAirNumerator
                0x000000000800749c      0x102 ./Middlewares/Third_Party/SubGHz_Phy/stm32_radio_driver/radio.o
 *fill*         0x000000000800759e        0x2 
 .text.RadioTimeOnAir
                0x00000000080075a0       0xb0 ./Middlewares/Third_Party/SubGHz_Phy/stm32_radio_driver/radio.o
 .text.RadioSend
                0x0000000008007650      0x1f0 ./Middlewares/Third_Party/SubGHz_Phy/stm32_radio_driver/radio.o
 .text.RadioSleep
                0x0000000008007840       0x26 ./Middlewares/Third_Party/SubGHz_Phy/stm32_radio_driver/radio.o
 .text.RadioStandby
                0x0000000008007866        0xe ./Middlewares/Third_Party/SubGHz_Phy/stm32_radio_driver/radio.o
 .text.RadioRx  0x0000000008007874       0x80 ./Middlewares/Third_Party/SubGHz_Phy/stm32_radio_driver/radio.o
 .text.RadioRxBoosted
                0x00000000080078f4       0x80 ./Middlewares/Third_Party/SubGHz_Phy/stm32_radio_driver/radio.o
 .text.RadioSetRxDutyCycle
                0x0000000008007974       0x48 ./Middlewares/Third_Party/SubGHz_Phy/stm32_radio_driver/radio.o
 .text.RadioStartCad
                0x00000000080079bc       0x30 ./Middlewares/Third_Party/SubGHz_Phy/stm32_radio_driver/radio.o
 .text.RadioSetTxContinuousWave
                0x00000000080079ec       0x64 ./Middlewares/Third_Party/SubGHz_Phy/stm32_radio_driver/radio.o
 .text.RadioRssi
                0x0000000008007a50       0x1a ./Middlewares/Third_Party/SubGHz_Phy/stm32_radio_driver/radio.o
 .text.RadioWrite
                0x0000000008007a6a       0x24 ./Middlewares/Third_Party/SubGHz_Phy/stm32_radio_driver/radio.o
 .text.RadioRead
                0x0000000008007a8e       0x1c ./Middlewares/Third_Party/SubGHz_Phy/stm32_radio_driver/radio.o
 .text.RadioWriteRegisters
                0x0000000008007aaa       0x26 ./Middlewares/Third_Party/SubGHz_Phy/stm32_radio_driver/radio.o
 .text.RadioReadRegisters
                0x0000000008007ad0       0x26 ./Middlewares/Third_Party/SubGHz_Phy/stm32_radio_driver/radio.o
 *fill*         0x0000000008007af6        0x2 
 .text.RadioSetMaxPayloadLength
                0x0000000008007af8       0x5c ./Middlewares/Third_Party/SubGHz_Phy/stm32_radio_driver/radio.o
 .text.RadioSetPublicNetwork
                0x0000000008007b54       0x5c ./Middlewares/Third_Party/SubGHz_Phy/stm32_radio_driver/radio.o
 .text.RadioGetWakeupTime
                0x0000000008007bb0       0x10 ./Middlewares/Third_Party/SubGHz_Phy/stm32_radio_driver/radio.o
 .text.RadioOnTxTimeoutIrq
                0x0000000008007bc0       0x14 ./Middlewares/Third_Party/SubGHz_Phy/stm32_radio_driver/radio.o
 .text.RadioOnRxTimeoutIrq
                0x0000000008007bd4       0x14 ./Middlewares/Third_Party/SubGHz_Phy/stm32_radio_driver/radio.o
 .text.RadioOnTxTimeoutProcess
                0x0000000008007be8       0x28 ./Middlewares/Third_Party/SubGHz_Phy/stm32_radio_driver/radio.o
 .text.RadioOnRxTimeoutProcess
                0x0000000008007c10       0x28 ./Middlewares/Third_Party/SubGHz_Phy/stm32_radio_driver/radio.o
 .text.RadioOnDioIrq
                0x0000000008007c38       0x24 ./Middlewares/Third_Party/SubGHz_Phy/stm32_radio_driver/radio.o
 .text.RadioIrqProcess
                0x0000000008007c5c      0x3e8 ./Middlewares/Third_Party/SubGHz_Phy/stm32_radio_driver/radio.o
 .text.RadioTxPrbs
                0x0000000008008044       0x38 ./Middlewares/Third_Party/SubGHz_Phy/stm32_radio_driver/radio.o
 .text.RadioTxCw
                0x000000000800807c       0x38 ./Middlewares/Third_Party/SubGHz_Phy/stm32_radio_driver/radio.o
 .text.payload_integration
                0x00000000080080b4      0x120 ./Middlewares/Third_Party/SubGHz_Phy/stm32_radio_driver/radio.o
 .text.RadioSetRxGenericConfig
                0x00000000080081d4      0x388 ./Middlewares/Third_Party/SubGHz_Phy/stm32_radio_driver/radio.o
 .text.RadioSetTxGenericConfig
                0x000000000800855c      0x46c ./Middlewares/Third_Party/SubGHz_Phy/stm32_radio_driver/radio.o
 .text.RadioLrFhssSetCfg
                0x00000000080089c8       0x18 ./Middlewares/Third_Party/SubGHz_Phy/stm32_radio_driver/radio.o
 .text.RadioLrFhssGetTimeOnAirInMs
                0x00000000080089e0       0x16 ./Middlewares/Third_Party/SubGHz_Phy/stm32_radio_driver/radio.o
 *fill*         0x00000000080089f6        0x2 
 .text.SUBGRF_Init
                0x00000000080089f8       0x90 ./Middlewares/Third_Party/SubGHz_Phy/stm32_radio_driver/radio_driver.o
                0x00000000080089f8                SUBGRF_Init
 .text.SUBGRF_GetOperatingMode
                0x0000000008008a88       0x14 ./Middlewares/Third_Party/SubGHz_Phy/stm32_radio_driver/radio_driver.o
                0x0000000008008a88                SUBGRF_GetOperatingMode
 .text.SUBGRF_SetPayload
                0x0000000008008a9c       0x20 ./Middlewares/Third_Party/SubGHz_Phy/stm32_radio_driver/radio_driver.o
                0x0000000008008a9c                SUBGRF_SetPayload
 .text.SUBGRF_GetPayload
                0x0000000008008abc       0x44 ./Middlewares/Third_Party/SubGHz_Phy/stm32_radio_driver/radio_driver.o
                0x0000000008008abc                SUBGRF_GetPayload
 .text.SUBGRF_SendPayload
                0x0000000008008b00       0x26 ./Middlewares/Third_Party/SubGHz_Phy/stm32_radio_driver/radio_driver.o
                0x0000000008008b00                SUBGRF_SendPayload
 .text.SUBGRF_SetSyncWord
                0x0000000008008b26       0x1e ./Middlewares/Third_Party/SubGHz_Phy/stm32_radio_driver/radio_driver.o
                0x0000000008008b26                SUBGRF_SetSyncWord
 .text.SUBGRF_SetCrcSeed
                0x0000000008008b44       0x40 ./Middlewares/Third_Party/SubGHz_Phy/stm32_radio_driver/radio_driver.o
                0x0000000008008b44                SUBGRF_SetCrcSeed
 .text.SUBGRF_SetCrcPolynomial
                0x0000000008008b84       0x40 ./Middlewares/Third_Party/SubGHz_Phy/stm32_radio_driver/radio_driver.o
                0x0000000008008b84                SUBGRF_SetCrcPolynomial
 .text.SUBGRF_SetWhiteningSeed
                0x0000000008008bc4       0x66 ./Middlewares/Third_Party/SubGHz_Phy/stm32_radio_driver/radio_driver.o
                0x0000000008008bc4                SUBGRF_SetWhiteningSeed
 .text.SUBGRF_GetRandom
                0x0000000008008c2a       0x8c ./Middlewares/Third_Party/SubGHz_Phy/stm32_radio_driver/radio_driver.o
                0x0000000008008c2a                SUBGRF_GetRandom
 *fill*         0x0000000008008cb6        0x2 
 .text.SUBGRF_SetSleep
                0x0000000008008cb8       0x64 ./Middlewares/Third_Party/SubGHz_Phy/stm32_radio_driver/radio_driver.o
                0x0000000008008cb8                SUBGRF_SetSleep
 .text.SUBGRF_SetStandby
                0x0000000008008d1c       0x38 ./Middlewares/Third_Party/SubGHz_Phy/stm32_radio_driver/radio_driver.o
                0x0000000008008d1c                SUBGRF_SetStandby
 .text.SUBGRF_SetTx
                0x0000000008008d54       0x40 ./Middlewares/Third_Party/SubGHz_Phy/stm32_radio_driver/radio_driver.o
                0x0000000008008d54                SUBGRF_SetTx
 .text.SUBGRF_SetRx
                0x0000000008008d94       0x40 ./Middlewares/Third_Party/SubGHz_Phy/stm32_radio_driver/radio_driver.o
                0x0000000008008d94                SUBGRF_SetRx
 .text.SUBGRF_SetRxBoosted
                0x0000000008008dd4       0x48 ./Middlewares/Third_Party/SubGHz_Phy/stm32_radio_driver/radio_driver.o
                0x0000000008008dd4                SUBGRF_SetRxBoosted
 .text.SUBGRF_SetRxDutyCycle
                0x0000000008008e1c       0x58 ./Middlewares/Third_Party/SubGHz_Phy/stm32_radio_driver/radio_driver.o
                0x0000000008008e1c                SUBGRF_SetRxDutyCycle
 .text.SUBGRF_SetCad
                0x0000000008008e74       0x1c ./Middlewares/Third_Party/SubGHz_Phy/stm32_radio_driver/radio_driver.o
                0x0000000008008e74                SUBGRF_SetCad
 .text.SUBGRF_SetTxContinuousWave
                0x0000000008008e90       0x12 ./Middlewares/Third_Party/SubGHz_Phy/stm32_radio_driver/radio_driver.o
                0x0000000008008e90                SUBGRF_SetTxContinuousWave
 .text.SUBGRF_SetTxInfinitePreamble
                0x0000000008008ea2       0x12 ./Middlewares/Third_Party/SubGHz_Phy/stm32_radio_driver/radio_driver.o
                0x0000000008008ea2                SUBGRF_SetTxInfinitePreamble
 .text.SUBGRF_SetStopRxTimerOnPreambleDetect
                0x0000000008008eb4       0x1e ./Middlewares/Third_Party/SubGHz_Phy/stm32_radio_driver/radio_driver.o
                0x0000000008008eb4                SUBGRF_SetStopRxTimerOnPreambleDetect
 .text.SUBGRF_SetLoRaSymbNumTimeout
                0x0000000008008ed2       0x5e ./Middlewares/Third_Party/SubGHz_Phy/stm32_radio_driver/radio_driver.o
                0x0000000008008ed2                SUBGRF_SetLoRaSymbNumTimeout
 .text.SUBGRF_SetRegulatorMode
                0x0000000008008f30       0x2e ./Middlewares/Third_Party/SubGHz_Phy/stm32_radio_driver/radio_driver.o
                0x0000000008008f30                SUBGRF_SetRegulatorMode
 .text.SUBGRF_Calibrate
                0x0000000008008f5e       0x8c ./Middlewares/Third_Party/SubGHz_Phy/stm32_radio_driver/radio_driver.o
                0x0000000008008f5e                SUBGRF_Calibrate
 *fill*         0x0000000008008fea        0x2 
 .text.SUBGRF_CalibrateImage
                0x0000000008008fec       0x94 ./Middlewares/Third_Party/SubGHz_Phy/stm32_radio_driver/radio_driver.o
                0x0000000008008fec                SUBGRF_CalibrateImage
 .text.SUBGRF_SetPaConfig
                0x0000000008009080       0x44 ./Middlewares/Third_Party/SubGHz_Phy/stm32_radio_driver/radio_driver.o
                0x0000000008009080                SUBGRF_SetPaConfig
 .text.SUBGRF_SetDioIrqParams
                0x00000000080090c4       0x74 ./Middlewares/Third_Party/SubGHz_Phy/stm32_radio_driver/radio_driver.o
                0x00000000080090c4                SUBGRF_SetDioIrqParams
 .text.SUBGRF_SetTcxoMode
                0x0000000008009138       0x42 ./Middlewares/Third_Party/SubGHz_Phy/stm32_radio_driver/radio_driver.o
                0x0000000008009138                SUBGRF_SetTcxoMode
 *fill*         0x000000000800917a        0x2 
 .text.SUBGRF_SetRfFrequency
                0x000000000800917c       0x8c ./Middlewares/Third_Party/SubGHz_Phy/stm32_radio_driver/radio_driver.o
                0x000000000800917c                SUBGRF_SetRfFrequency
 .text.SUBGRF_SetPacketType
                0x0000000008009208       0x38 ./Middlewares/Third_Party/SubGHz_Phy/stm32_radio_driver/radio_driver.o
                0x0000000008009208                SUBGRF_SetPacketType
 .text.SUBGRF_GetPacketType
                0x0000000008009240       0x14 ./Middlewares/Third_Party/SubGHz_Phy/stm32_radio_driver/radio_driver.o
                0x0000000008009240                SUBGRF_GetPacketType
 .text.SUBGRF_SetTxParams
                0x0000000008009254      0x19a ./Middlewares/Third_Party/SubGHz_Phy/stm32_radio_driver/radio_driver.o
                0x0000000008009254                SUBGRF_SetTxParams
 *fill*         0x00000000080093ee        0x2 
 .text.SUBGRF_SetModulationParams
                0x00000000080093f0      0x1a4 ./Middlewares/Third_Party/SubGHz_Phy/stm32_radio_driver/radio_driver.o
                0x00000000080093f0                SUBGRF_SetModulationParams
 .text.SUBGRF_SetPacketParams
                0x0000000008009594      0x13c ./Middlewares/Third_Party/SubGHz_Phy/stm32_radio_driver/radio_driver.o
                0x0000000008009594                SUBGRF_SetPacketParams
 .text.SUBGRF_SetBufferBaseAddress
                0x00000000080096d0       0x2e ./Middlewares/Third_Party/SubGHz_Phy/stm32_radio_driver/radio_driver.o
                0x00000000080096d0                SUBGRF_SetBufferBaseAddress
 .text.SUBGRF_GetRssiInst
                0x00000000080096fe       0x2a ./Middlewares/Third_Party/SubGHz_Phy/stm32_radio_driver/radio_driver.o
                0x00000000080096fe                SUBGRF_GetRssiInst
 .text.SUBGRF_GetRxBufferStatus
                0x0000000008009728       0x58 ./Middlewares/Third_Party/SubGHz_Phy/stm32_radio_driver/radio_driver.o
                0x0000000008009728                SUBGRF_GetRxBufferStatus
 .text.SUBGRF_GetPacketStatus
                0x0000000008009780       0xa4 ./Middlewares/Third_Party/SubGHz_Phy/stm32_radio_driver/radio_driver.o
                0x0000000008009780                SUBGRF_GetPacketStatus
 .text.SUBGRF_WriteRegister
                0x0000000008009824       0x28 ./Middlewares/Third_Party/SubGHz_Phy/stm32_radio_driver/radio_driver.o
                0x0000000008009824                SUBGRF_WriteRegister
 .text.SUBGRF_ReadRegister
                0x000000000800984c       0x28 ./Middlewares/Third_Party/SubGHz_Phy/stm32_radio_driver/radio_driver.o
                0x000000000800984c                SUBGRF_ReadRegister
 .text.SUBGRF_WriteRegisters
                0x0000000008009874       0x44 ./Middlewares/Third_Party/SubGHz_Phy/stm32_radio_driver/radio_driver.o
                0x0000000008009874                SUBGRF_WriteRegisters
 .text.SUBGRF_ReadRegisters
                0x00000000080098b8       0x44 ./Middlewares/Third_Party/SubGHz_Phy/stm32_radio_driver/radio_driver.o
                0x00000000080098b8                SUBGRF_ReadRegisters
 .text.SUBGRF_WriteBuffer
                0x00000000080098fc       0x44 ./Middlewares/Third_Party/SubGHz_Phy/stm32_radio_driver/radio_driver.o
                0x00000000080098fc                SUBGRF_WriteBuffer
 .text.SUBGRF_ReadBuffer
                0x0000000008009940       0x44 ./Middlewares/Third_Party/SubGHz_Phy/stm32_radio_driver/radio_driver.o
                0x0000000008009940                SUBGRF_ReadBuffer
 .text.SUBGRF_WriteCommand
                0x0000000008009984       0x44 ./Middlewares/Third_Party/SubGHz_Phy/stm32_radio_driver/radio_driver.o
                0x0000000008009984                SUBGRF_WriteCommand
 .text.SUBGRF_ReadCommand
                0x00000000080099c8       0x44 ./Middlewares/Third_Party/SubGHz_Phy/stm32_radio_driver/radio_driver.o
                0x00000000080099c8                SUBGRF_ReadCommand
 .text.SUBGRF_SetSwitch
                0x0000000008009a0c       0x50 ./Middlewares/Third_Party/SubGHz_Phy/stm32_radio_driver/radio_driver.o
                0x0000000008009a0c                SUBGRF_SetSwitch
 .text.SUBGRF_SetRfTxPower
                0x0000000008009a5c       0x68 ./Middlewares/Third_Party/SubGHz_Phy/stm32_radio_driver/radio_driver.o
                0x0000000008009a5c                SUBGRF_SetRfTxPower
 .text.SUBGRF_GetRadioWakeUpTime
                0x0000000008009ac4        0xe ./Middlewares/Third_Party/SubGHz_Phy/stm32_radio_driver/radio_driver.o
                0x0000000008009ac4                SUBGRF_GetRadioWakeUpTime
 *fill*         0x0000000008009ad2        0x2 
 .text.HAL_SUBGHZ_TxCpltCallback
                0x0000000008009ad4       0x1c ./Middlewares/Third_Party/SubGHz_Phy/stm32_radio_driver/radio_driver.o
                0x0000000008009ad4                HAL_SUBGHZ_TxCpltCallback
 .text.HAL_SUBGHZ_RxCpltCallback
                0x0000000008009af0       0x1c ./Middlewares/Third_Party/SubGHz_Phy/stm32_radio_driver/radio_driver.o
                0x0000000008009af0                HAL_SUBGHZ_RxCpltCallback
 .text.HAL_SUBGHZ_CRCErrorCallback
                0x0000000008009b0c       0x1c ./Middlewares/Third_Party/SubGHz_Phy/stm32_radio_driver/radio_driver.o
                0x0000000008009b0c                HAL_SUBGHZ_CRCErrorCallback
 .text.HAL_SUBGHZ_CADStatusCallback
                0x0000000008009b28       0x3c ./Middlewares/Third_Party/SubGHz_Phy/stm32_radio_driver/radio_driver.o
                0x0000000008009b28                HAL_SUBGHZ_CADStatusCallback
 .text.HAL_SUBGHZ_RxTxTimeoutCallback
                0x0000000008009b64       0x20 ./Middlewares/Third_Party/SubGHz_Phy/stm32_radio_driver/radio_driver.o
                0x0000000008009b64                HAL_SUBGHZ_RxTxTimeoutCallback
 .text.HAL_SUBGHZ_HeaderErrorCallback
                0x0000000008009b84       0x1c ./Middlewares/Third_Party/SubGHz_Phy/stm32_radio_driver/radio_driver.o
                0x0000000008009b84                HAL_SUBGHZ_HeaderErrorCallback
 .text.HAL_SUBGHZ_PreambleDetectedCallback
                0x0000000008009ba0       0x1c ./Middlewares/Third_Party/SubGHz_Phy/stm32_radio_driver/radio_driver.o
                0x0000000008009ba0                HAL_SUBGHZ_PreambleDetectedCallback
 .text.HAL_SUBGHZ_SyncWordValidCallback
                0x0000000008009bbc       0x1c ./Middlewares/Third_Party/SubGHz_Phy/stm32_radio_driver/radio_driver.o
                0x0000000008009bbc                HAL_SUBGHZ_SyncWordValidCallback
 .text.HAL_SUBGHZ_HeaderValidCallback
                0x0000000008009bd8       0x1c ./Middlewares/Third_Party/SubGHz_Phy/stm32_radio_driver/radio_driver.o
                0x0000000008009bd8                HAL_SUBGHZ_HeaderValidCallback
 .text.HAL_SUBGHZ_LrFhssHopCallback
                0x0000000008009bf4       0x20 ./Middlewares/Third_Party/SubGHz_Phy/stm32_radio_driver/radio_driver.o
                0x0000000008009bf4                HAL_SUBGHZ_LrFhssHopCallback
 .text.Radio_SMPS_Set
                0x0000000008009c14       0x42 ./Middlewares/Third_Party/SubGHz_Phy/stm32_radio_driver/radio_driver.o
 *fill*         0x0000000008009c56        0x2 
 .text.SUBGRF_GetFskBandwidthRegValue
                0x0000000008009c58       0x50 ./Middlewares/Third_Party/SubGHz_Phy/stm32_radio_driver/radio_driver.o
                0x0000000008009c58                SUBGRF_GetFskBandwidthRegValue
 .text.SUBGRF_GetCFO
                0x0000000008009ca8       0xe8 ./Middlewares/Third_Party/SubGHz_Phy/stm32_radio_driver/radio_driver.o
                0x0000000008009ca8                SUBGRF_GetCFO
 .text.RFW_TransmitLongPacket
                0x0000000008009d90       0x24 ./Middlewares/Third_Party/SubGHz_Phy/stm32_radio_driver/radio_fw.o
                0x0000000008009d90                RFW_TransmitLongPacket
 .text.RFW_ReceiveLongPacket
                0x0000000008009db4       0x24 ./Middlewares/Third_Party/SubGHz_Phy/stm32_radio_driver/radio_fw.o
                0x0000000008009db4                RFW_ReceiveLongPacket
 .text.RFW_Init
                0x0000000008009dd8       0x1a ./Middlewares/Third_Party/SubGHz_Phy/stm32_radio_driver/radio_fw.o
                0x0000000008009dd8                RFW_Init
 .text.RFW_DeInit
                0x0000000008009df2        0xc ./Middlewares/Third_Party/SubGHz_Phy/stm32_radio_driver/radio_fw.o
                0x0000000008009df2                RFW_DeInit
 .text.RFW_Is_Init
                0x0000000008009dfe        0xe ./Middlewares/Third_Party/SubGHz_Phy/stm32_radio_driver/radio_fw.o
                0x0000000008009dfe                RFW_Is_Init
 .text.RFW_Is_LongPacketModeEnabled
                0x0000000008009e0c        0xe ./Middlewares/Third_Party/SubGHz_Phy/stm32_radio_driver/radio_fw.o
                0x0000000008009e0c                RFW_Is_LongPacketModeEnabled
 .text.RFW_SetAntSwitch
                0x0000000008009e1a       0x14 ./Middlewares/Third_Party/SubGHz_Phy/stm32_radio_driver/radio_fw.o
                0x0000000008009e1a                RFW_SetAntSwitch
 .text.RFW_TransmitInit
                0x0000000008009e2e       0x20 ./Middlewares/Third_Party/SubGHz_Phy/stm32_radio_driver/radio_fw.o
                0x0000000008009e2e                RFW_TransmitInit
 .text.RFW_ReceiveInit
                0x0000000008009e4e       0x10 ./Middlewares/Third_Party/SubGHz_Phy/stm32_radio_driver/radio_fw.o
                0x0000000008009e4e                RFW_ReceiveInit
 .text.RFW_DeInit_TxLongPacket
                0x0000000008009e5e        0xc ./Middlewares/Third_Party/SubGHz_Phy/stm32_radio_driver/radio_fw.o
                0x0000000008009e5e                RFW_DeInit_TxLongPacket
 .text.RFW_ReceivePayload
                0x0000000008009e6a        0xc ./Middlewares/Third_Party/SubGHz_Phy/stm32_radio_driver/radio_fw.o
                0x0000000008009e6a                RFW_ReceivePayload
 .text.RFW_SetRadioModem
                0x0000000008009e76       0x14 ./Middlewares/Third_Party/SubGHz_Phy/stm32_radio_driver/radio_fw.o
                0x0000000008009e76                RFW_SetRadioModem
 .text.MX_SubGHz_Phy_Init
                0x0000000008009e8a       0x10 ./SubGHz_Phy/App/app_subghz_phy.o
                0x0000000008009e8a                MX_SubGHz_Phy_Init
 .text.MX_SubGHz_Phy_Process
                0x0000000008009e9a        0xc ./SubGHz_Phy/App/app_subghz_phy.o
                0x0000000008009e9a                MX_SubGHz_Phy_Process
 *fill*         0x0000000008009ea6        0x2 
 .text.SubghzApp_Init
                0x0000000008009ea8       0x4c ./SubGHz_Phy/App/subghz_phy_app.o
                0x0000000008009ea8                SubghzApp_Init
 .text.OnTxDone
                0x0000000008009ef4        0xc ./SubGHz_Phy/App/subghz_phy_app.o
 .text.OnRxDone
                0x0000000008009f00       0x24 ./SubGHz_Phy/App/subghz_phy_app.o
 .text.OnTxTimeout
                0x0000000008009f24        0xc ./SubGHz_Phy/App/subghz_phy_app.o
 .text.OnRxTimeout
                0x0000000008009f30        0xc ./SubGHz_Phy/App/subghz_phy_app.o
 .text.OnRxError
                0x0000000008009f3c        0xc ./SubGHz_Phy/App/subghz_phy_app.o
 .text.LL_AHB2_GRP1_EnableClock
                0x0000000008009f48       0x30 ./SubGHz_Phy/Target/radio_board_if.o
 .text.RBI_Init
                0x0000000008009f78       0x80 ./SubGHz_Phy/Target/radio_board_if.o
                0x0000000008009f78                RBI_Init
 .text.RBI_ConfigRFSwitch
                0x0000000008009ff8       0xbc ./SubGHz_Phy/Target/radio_board_if.o
                0x0000000008009ff8                RBI_ConfigRFSwitch
 .text.RBI_GetTxConfig
                0x000000000800a0b4       0x16 ./SubGHz_Phy/Target/radio_board_if.o
                0x000000000800a0b4                RBI_GetTxConfig
 .text.RBI_IsTCXO
                0x000000000800a0ca       0x16 ./SubGHz_Phy/Target/radio_board_if.o
                0x000000000800a0ca                RBI_IsTCXO
 .text.RBI_IsDCDC
                0x000000000800a0e0       0x16 ./SubGHz_Phy/Target/radio_board_if.o
                0x000000000800a0e0                RBI_IsDCDC
 .text.RBI_GetRFOMaxPowerConfig
                0x000000000800a0f6       0x2a ./SubGHz_Phy/Target/radio_board_if.o
                0x000000000800a0f6                RBI_GetRFOMaxPowerConfig
 .text.UTIL_MEM_cpy_8
                0x000000000800a120       0x3e ./Utilities/misc/stm32_mem.o
                0x000000000800a120                UTIL_MEM_cpy_8
 .text.UTIL_MEM_set_8
                0x000000000800a15e       0x36 ./Utilities/misc/stm32_mem.o
                0x000000000800a15e                UTIL_MEM_set_8
 .text.UTIL_TIMER_Create
                0x000000000800a194       0x6c ./Utilities/timer/stm32_timer.o
                0x000000000800a194                UTIL_TIMER_Create
 .text.UTIL_TIMER_Start
                0x000000000800a200       0xdc ./Utilities/timer/stm32_timer.o
                0x000000000800a200                UTIL_TIMER_Start
 .text.UTIL_TIMER_Stop
                0x000000000800a2dc       0xe0 ./Utilities/timer/stm32_timer.o
                0x000000000800a2dc                UTIL_TIMER_Stop
 .text.UTIL_TIMER_SetPeriod
                0x000000000800a3bc       0x54 ./Utilities/timer/stm32_timer.o
                0x000000000800a3bc                UTIL_TIMER_SetPeriod
 .text.UTIL_TIMER_GetCurrentTime
                0x000000000800a410       0x24 ./Utilities/timer/stm32_timer.o
                0x000000000800a410                UTIL_TIMER_GetCurrentTime
 .text.UTIL_TIMER_GetElapsedTime
                0x000000000800a434       0x38 ./Utilities/timer/stm32_timer.o
                0x000000000800a434                UTIL_TIMER_GetElapsedTime
 .text.TimerExists
                0x000000000800a46c       0x38 ./Utilities/timer/stm32_timer.o
                0x000000000800a46c                TimerExists
 .text.TimerSetTimeout
                0x000000000800a4a4       0x54 ./Utilities/timer/stm32_timer.o
                0x000000000800a4a4                TimerSetTimeout
 .text.TimerInsertTimer
                0x000000000800a4f8       0x60 ./Utilities/timer/stm32_timer.o
                0x000000000800a4f8                TimerInsertTimer
 .text.TimerInsertNewHeadTimer
                0x000000000800a558       0x3c ./Utilities/timer/stm32_timer.o
                0x000000000800a558                TimerInsertNewHeadTimer
 .text._vsnprintf_r
                0x000000000800a594       0x56 /Applications/STM32CubeIDE.app/Contents/Eclipse/plugins/com.st.stm32cube.ide.mcu.externaltools.gnu-tools-for-stm32.11.3.rel1.macos64_1.1.0.202305231506/tools/bin/../lib/gcc/arm-none-eabi/11.3.1/../../../../arm-none-eabi/lib/thumb/v7e-m/nofp/libc_nano.a(libc_a-vsnprintf.o)
                0x000000000800a594                _vsnprintf_r
                0x000000000800a594                _vsniprintf_r
 *fill*         0x000000000800a5ea        0x2 
 .text.vsnprintf
                0x000000000800a5ec       0x1c /Applications/STM32CubeIDE.app/Contents/Eclipse/plugins/com.st.stm32cube.ide.mcu.externaltools.gnu-tools-for-stm32.11.3.rel1.macos64_1.1.0.202305231506/tools/bin/../lib/gcc/arm-none-eabi/11.3.1/../../../../arm-none-eabi/lib/thumb/v7e-m/nofp/libc_nano.a(libc_a-vsnprintf.o)
                0x000000000800a5ec                vsnprintf
                0x000000000800a5ec                vsniprintf
 .text.memset   0x000000000800a608       0x10 /Applications/STM32CubeIDE.app/Contents/Eclipse/plugins/com.st.stm32cube.ide.mcu.externaltools.gnu-tools-for-stm32.11.3.rel1.macos64_1.1.0.202305231506/tools/bin/../lib/gcc/arm-none-eabi/11.3.1/../../../../arm-none-eabi/lib/thumb/v7e-m/nofp/libc_nano.a(libc_a-memset.o)
                0x000000000800a608                memset
 .text.__errno  0x000000000800a618        0xc /Applications/STM32CubeIDE.app/Contents/Eclipse/plugins/com.st.stm32cube.ide.mcu.externaltools.gnu-tools-for-stm32.11.3.rel1.macos64_1.1.0.202305231506/tools/bin/../lib/gcc/arm-none-eabi/11.3.1/../../../../arm-none-eabi/lib/thumb/v7e-m/nofp/libc_nano.a(libc_a-errno.o)
                0x000000000800a618                __errno
 .text.__libc_init_array
                0x000000000800a624       0x48 /Applications/STM32CubeIDE.app/Contents/Eclipse/plugins/com.st.stm32cube.ide.mcu.externaltools.gnu-tools-for-stm32.11.3.rel1.macos64_1.1.0.202305231506/tools/bin/../lib/gcc/arm-none-eabi/11.3.1/../../../../arm-none-eabi/lib/thumb/v7e-m/nofp/libc_nano.a(libc_a-init.o)
                0x000000000800a624                __libc_init_array
 .text.__retarget_lock_acquire_recursive
                0x000000000800a66c        0x2 /Applications/STM32CubeIDE.app/Contents/Eclipse/plugins/com.st.stm32cube.ide.mcu.externaltools.gnu-tools-for-stm32.11.3.rel1.macos64_1.1.0.202305231506/tools/bin/../lib/gcc/arm-none-eabi/11.3.1/../../../../arm-none-eabi/lib/thumb/v7e-m/nofp/libc_nano.a(libc_a-lock.o)
                0x000000000800a66c                __retarget_lock_acquire_recursive
 .text.__retarget_lock_release_recursive
                0x000000000800a66e        0x2 /Applications/STM32CubeIDE.app/Contents/Eclipse/plugins/com.st.stm32cube.ide.mcu.externaltools.gnu-tools-for-stm32.11.3.rel1.macos64_1.1.0.202305231506/tools/bin/../lib/gcc/arm-none-eabi/11.3.1/../../../../arm-none-eabi/lib/thumb/v7e-m/nofp/libc_nano.a(libc_a-lock.o)
                0x000000000800a66e                __retarget_lock_release_recursive
 .text.memcpy   0x000000000800a670       0x1c /Applications/STM32CubeIDE.app/Contents/Eclipse/plugins/com.st.stm32cube.ide.mcu.externaltools.gnu-tools-for-stm32.11.3.rel1.macos64_1.1.0.202305231506/tools/bin/../lib/gcc/arm-none-eabi/11.3.1/../../../../arm-none-eabi/lib/thumb/v7e-m/nofp/libc_nano.a(libc_a-memcpy-stub.o)
                0x000000000800a670                memcpy
 .text.__ssputs_r
                0x000000000800a68c       0xb4 /Applications/STM32CubeIDE.app/Contents/Eclipse/plugins/com.st.stm32cube.ide.mcu.externaltools.gnu-tools-for-stm32.11.3.rel1.macos64_1.1.0.202305231506/tools/bin/../lib/gcc/arm-none-eabi/11.3.1/../../../../arm-none-eabi/lib/thumb/v7e-m/nofp/libc_nano.a(libc_a-nano-svfprintf.o)
                0x000000000800a68c                __ssputs_r
 .text._svfprintf_r
                0x000000000800a740      0x1fc /Applications/STM32CubeIDE.app/Contents/Eclipse/plugins/com.st.stm32cube.ide.mcu.externaltools.gnu-tools-for-stm32.11.3.rel1.macos64_1.1.0.202305231506/tools/bin/../lib/gcc/arm-none-eabi/11.3.1/../../../../arm-none-eabi/lib/thumb/v7e-m/nofp/libc_nano.a(libc_a-nano-svfprintf.o)
                0x000000000800a740                _svfprintf_r
                0x000000000800a740                _svfiprintf_r
 .text.sbrk_aligned
                0x000000000800a93c       0x40 /Applications/STM32CubeIDE.app/Contents/Eclipse/plugins/com.st.stm32cube.ide.mcu.externaltools.gnu-tools-for-stm32.11.3.rel1.macos64_1.1.0.202305231506/tools/bin/../lib/gcc/arm-none-eabi/11.3.1/../../../../arm-none-eabi/lib/thumb/v7e-m/nofp/libc_nano.a(libc_a-mallocr.o)
 .text._malloc_r
                0x000000000800a97c      0x100 /Applications/STM32CubeIDE.app/Contents/Eclipse/plugins/com.st.stm32cube.ide.mcu.externaltools.gnu-tools-for-stm32.11.3.rel1.macos64_1.1.0.202305231506/tools/bin/../lib/gcc/arm-none-eabi/11.3.1/../../../../arm-none-eabi/lib/thumb/v7e-m/nofp/libc_nano.a(libc_a-mallocr.o)
                0x000000000800a97c                _malloc_r
 .text._printf_common
                0x000000000800aa7c       0xda /Applications/STM32CubeIDE.app/Contents/Eclipse/plugins/com.st.stm32cube.ide.mcu.externaltools.gnu-tools-for-stm32.11.3.rel1.macos64_1.1.0.202305231506/tools/bin/../lib/gcc/arm-none-eabi/11.3.1/../../../../arm-none-eabi/lib/thumb/v7e-m/nofp/libc_nano.a(libc_a-nano-vfprintf_i.o)
                0x000000000800aa7c                _printf_common
 *fill*         0x000000000800ab56        0x2 
 .text._printf_i
                0x000000000800ab58      0x244 /Applications/STM32CubeIDE.app/Contents/Eclipse/plugins/com.st.stm32cube.ide.mcu.externaltools.gnu-tools-for-stm32.11.3.rel1.macos64_1.1.0.202305231506/tools/bin/../lib/gcc/arm-none-eabi/11.3.1/../../../../arm-none-eabi/lib/thumb/v7e-m/nofp/libc_nano.a(libc_a-nano-vfprintf_i.o)
                0x000000000800ab58                _printf_i
 .text.__malloc_lock
                0x000000000800ad9c        0xc /Applications/STM32CubeIDE.app/Contents/Eclipse/plugins/com.st.stm32cube.ide.mcu.externaltools.gnu-tools-for-stm32.11.3.rel1.macos64_1.1.0.202305231506/tools/bin/../lib/gcc/arm-none-eabi/11.3.1/../../../../arm-none-eabi/lib/thumb/v7e-m/nofp/libc_nano.a(libc_a-mlock.o)
                0x000000000800ad9c                __malloc_lock
 .text.__malloc_unlock
                0x000000000800ada8        0xc /Applications/STM32CubeIDE.app/Contents/Eclipse/plugins/com.st.stm32cube.ide.mcu.externaltools.gnu-tools-for-stm32.11.3.rel1.macos64_1.1.0.202305231506/tools/bin/../lib/gcc/arm-none-eabi/11.3.1/../../../../arm-none-eabi/lib/thumb/v7e-m/nofp/libc_nano.a(libc_a-mlock.o)
                0x000000000800ada8                __malloc_unlock
 .text._realloc_r
                0x000000000800adb4       0x5e /Applications/STM32CubeIDE.app/Contents/Eclipse/plugins/com.st.stm32cube.ide.mcu.externaltools.gnu-tools-for-stm32.11.3.rel1.macos64_1.1.0.202305231506/tools/bin/../lib/gcc/arm-none-eabi/11.3.1/../../../../arm-none-eabi/lib/thumb/v7e-m/nofp/libc_nano.a(libc_a-reallocr.o)
                0x000000000800adb4                _realloc_r
 .text.memmove  0x000000000800ae12       0x34 /Applications/STM32CubeIDE.app/Contents/Eclipse/plugins/com.st.stm32cube.ide.mcu.externaltools.gnu-tools-for-stm32.11.3.rel1.macos64_1.1.0.202305231506/tools/bin/../lib/gcc/arm-none-eabi/11.3.1/../../../../arm-none-eabi/lib/thumb/v7e-m/nofp/libc_nano.a(libc_a-memmove.o)
                0x000000000800ae12                memmove
 *fill*         0x000000000800ae46        0x2 
 .text._sbrk_r  0x000000000800ae48       0x20 /Applications/STM32CubeIDE.app/Contents/Eclipse/plugins/com.st.stm32cube.ide.mcu.externaltools.gnu-tools-for-stm32.11.3.rel1.macos64_1.1.0.202305231506/tools/bin/../lib/gcc/arm-none-eabi/11.3.1/../../../../arm-none-eabi/lib/thumb/v7e-m/nofp/libc_nano.a(libc_a-sbrkr.o)
                0x000000000800ae48                _sbrk_r
 .text._free_r  0x000000000800ae68       0x94 /Applications/STM32CubeIDE.app/Contents/Eclipse/plugins/com.st.stm32cube.ide.mcu.externaltools.gnu-tools-for-stm32.11.3.rel1.macos64_1.1.0.202305231506/tools/bin/../lib/gcc/arm-none-eabi/11.3.1/../../../../arm-none-eabi/lib/thumb/v7e-m/nofp/libc_nano.a(libc_a-freer.o)
                0x000000000800ae68                _free_r
 .text._malloc_usable_size_r
                0x000000000800aefc       0x10 /Applications/STM32CubeIDE.app/Contents/Eclipse/plugins/com.st.stm32cube.ide.mcu.externaltools.gnu-tools-for-stm32.11.3.rel1.macos64_1.1.0.202305231506/tools/bin/../lib/gcc/arm-none-eabi/11.3.1/../../../../arm-none-eabi/lib/thumb/v7e-m/nofp/libc_nano.a(libc_a-msizer.o)
                0x000000000800aefc                _malloc_usable_size_r
 *(.glue_7)
 .glue_7        0x000000000800af0c        0x0 linker stubs
 *(.glue_7t)
 .glue_7t       0x000000000800af0c        0x0 linker stubs
 *(.eh_frame)
 .eh_frame      0x000000000800af0c        0x0 /Applications/STM32CubeIDE.app/Contents/Eclipse/plugins/com.st.stm32cube.ide.mcu.externaltools.gnu-tools-for-stm32.11.3.rel1.macos64_1.1.0.202305231506/tools/bin/../lib/gcc/arm-none-eabi/11.3.1/thumb/v7e-m/nofp/crtbegin.o
 *(.init)
 .init          0x000000000800af0c        0x4 /Applications/STM32CubeIDE.app/Contents/Eclipse/plugins/com.st.stm32cube.ide.mcu.externaltools.gnu-tools-for-stm32.11.3.rel1.macos64_1.1.0.202305231506/tools/bin/../lib/gcc/arm-none-eabi/11.3.1/thumb/v7e-m/nofp/crti.o
                0x000000000800af0c                _init
 .init          0x000000000800af10        0x8 /Applications/STM32CubeIDE.app/Contents/Eclipse/plugins/com.st.stm32cube.ide.mcu.externaltools.gnu-tools-for-stm32.11.3.rel1.macos64_1.1.0.202305231506/tools/bin/../lib/gcc/arm-none-eabi/11.3.1/thumb/v7e-m/nofp/crtn.o
 *(.fini)
 .fini          0x000000000800af18        0x4 /Applications/STM32CubeIDE.app/Contents/Eclipse/plugins/com.st.stm32cube.ide.mcu.externaltools.gnu-tools-for-stm32.11.3.rel1.macos64_1.1.0.202305231506/tools/bin/../lib/gcc/arm-none-eabi/11.3.1/thumb/v7e-m/nofp/crti.o
                0x000000000800af18                _fini
 .fini          0x000000000800af1c        0x8 /Applications/STM32CubeIDE.app/Contents/Eclipse/plugins/com.st.stm32cube.ide.mcu.externaltools.gnu-tools-for-stm32.11.3.rel1.macos64_1.1.0.202305231506/tools/bin/../lib/gcc/arm-none-eabi/11.3.1/thumb/v7e-m/nofp/crtn.o
                0x000000000800af24                . = ALIGN (0x4)
                0x000000000800af24                _etext = .

.vfp11_veneer   0x000000000800af24        0x0
 .vfp11_veneer  0x000000000800af24        0x0 linker stubs

.v4_bx          0x000000000800af24        0x0
 .v4_bx         0x000000000800af24        0x0 linker stubs

.iplt           0x000000000800af24        0x0
 .iplt          0x000000000800af24        0x0 /Applications/STM32CubeIDE.app/Contents/Eclipse/plugins/com.st.stm32cube.ide.mcu.externaltools.gnu-tools-for-stm32.11.3.rel1.macos64_1.1.0.202305231506/tools/bin/../lib/gcc/arm-none-eabi/11.3.1/thumb/v7e-m/nofp/crtbegin.o

.rodata         0x000000000800af24      0x72c
                0x000000000800af24                . = ALIGN (0x4)
 *(.rodata)
 .rodata        0x000000000800af24      0x484 ./Core/Src/main.o
 .rodata        0x000000000800b3a8       0x1c ./Drivers/STM32WLxx_HAL_Driver/Src/stm32wlxx_hal_rcc.o
 .rodata        0x000000000800b3c4       0x10 ./Middlewares/Third_Party/SubGHz_Phy/stm32_radio_driver/radio.o
 .rodata        0x000000000800b3d4       0x11 ./Middlewares/Third_Party/SubGHz_Phy/stm32_radio_driver/radio_driver.o
 *(.rodata*)
 *fill*         0x000000000800b3e5        0x3 
 .rodata.AHBPrescTable
                0x000000000800b3e8       0x40 ./Core/Src/system_stm32wlxx.o
                0x000000000800b3e8                AHBPrescTable
 .rodata.APBPrescTable
                0x000000000800b428       0x20 ./Core/Src/system_stm32wlxx.o
                0x000000000800b428                APBPrescTable
 .rodata.MSIRangeTable
                0x000000000800b448       0x40 ./Core/Src/system_stm32wlxx.o
                0x000000000800b448                MSIRangeTable
 .rodata.UTIL_TimerDriver
                0x000000000800b488       0x2c ./Core/Src/timer_if.o
                0x000000000800b488                UTIL_TimerDriver
 .rodata.UARTPrescTable
                0x000000000800b4b4       0x18 ./Drivers/STM32WLxx_HAL_Driver/Src/stm32wlxx_hal_uart.o
                0x000000000800b4b4                UARTPrescTable
 .rodata.numerator.1
                0x000000000800b4cc        0x8 ./Drivers/STM32WLxx_HAL_Driver/Src/stm32wlxx_hal_uart_ex.o
 .rodata.denominator.0
                0x000000000800b4d4        0x8 ./Drivers/STM32WLxx_HAL_Driver/Src/stm32wlxx_hal_uart_ex.o
 .rodata.Radio  0x000000000800b4dc       0x8c ./Middlewares/Third_Party/SubGHz_Phy/stm32_radio_driver/radio.o
                0x000000000800b4dc                Radio
 .rodata.Bandwidths
                0x000000000800b568        0x3 ./Middlewares/Third_Party/SubGHz_Phy/stm32_radio_driver/radio.o
                0x000000000800b568                Bandwidths
 *fill*         0x000000000800b56b        0x1 
 .rodata.FskBandwidths
                0x000000000800b56c       0xb0 ./Middlewares/Third_Party/SubGHz_Phy/stm32_radio_driver/radio_driver.o
 .rodata._svfprintf_r.str1.1
                0x000000000800b61c       0x11 /Applications/STM32CubeIDE.app/Contents/Eclipse/plugins/com.st.stm32cube.ide.mcu.externaltools.gnu-tools-for-stm32.11.3.rel1.macos64_1.1.0.202305231506/tools/bin/../lib/gcc/arm-none-eabi/11.3.1/../../../../arm-none-eabi/lib/thumb/v7e-m/nofp/libc_nano.a(libc_a-nano-svfprintf.o)
 .rodata._printf_i.str1.1
                0x000000000800b62d       0x22 /Applications/STM32CubeIDE.app/Contents/Eclipse/plugins/com.st.stm32cube.ide.mcu.externaltools.gnu-tools-for-stm32.11.3.rel1.macos64_1.1.0.202305231506/tools/bin/../lib/gcc/arm-none-eabi/11.3.1/../../../../arm-none-eabi/lib/thumb/v7e-m/nofp/libc_nano.a(libc_a-nano-vfprintf_i.o)
                0x000000000800b650                . = ALIGN (0x4)
 *fill*         0x000000000800b64f        0x1 

.ARM.extab      0x000000000800b650        0x0
                0x000000000800b650                . = ALIGN (0x4)
 *(.ARM.extab* .gnu.linkonce.armextab.*)
                0x000000000800b650                . = ALIGN (0x4)

.ARM            0x000000000800b650        0x8
                0x000000000800b650                . = ALIGN (0x4)
                0x000000000800b650                __exidx_start = .
 *(.ARM.exidx*)
 .ARM.exidx     0x000000000800b650        0x8 /Applications/STM32CubeIDE.app/Contents/Eclipse/plugins/com.st.stm32cube.ide.mcu.externaltools.gnu-tools-for-stm32.11.3.rel1.macos64_1.1.0.202305231506/tools/bin/../lib/gcc/arm-none-eabi/11.3.1/thumb/v7e-m/nofp/libgcc.a(_udivmoddi4.o)
                0x000000000800b658                __exidx_end = .
                0x000000000800b658                . = ALIGN (0x4)

.rel.dyn        0x000000000800b658        0x0
 .rel.iplt      0x000000000800b658        0x0 /Applications/STM32CubeIDE.app/Contents/Eclipse/plugins/com.st.stm32cube.ide.mcu.externaltools.gnu-tools-for-stm32.11.3.rel1.macos64_1.1.0.202305231506/tools/bin/../lib/gcc/arm-none-eabi/11.3.1/thumb/v7e-m/nofp/crtbegin.o

.preinit_array  0x000000000800b658        0x0
                0x000000000800b658                . = ALIGN (0x4)
                0x000000000800b658                PROVIDE (__preinit_array_start = .)
 *(.preinit_array*)
                0x000000000800b658                PROVIDE (__preinit_array_end = .)
                0x000000000800b658                . = ALIGN (0x4)

.init_array     0x000000000800b658        0x4
                0x000000000800b658                . = ALIGN (0x4)
                0x000000000800b658                PROVIDE (__init_array_start = .)
 *(SORT_BY_NAME(.init_array.*))
 *(.init_array*)
 .init_array    0x000000000800b658        0x4 /Applications/STM32CubeIDE.app/Contents/Eclipse/plugins/com.st.stm32cube.ide.mcu.externaltools.gnu-tools-for-stm32.11.3.rel1.macos64_1.1.0.202305231506/tools/bin/../lib/gcc/arm-none-eabi/11.3.1/thumb/v7e-m/nofp/crtbegin.o
                0x000000000800b65c                PROVIDE (__init_array_end = .)
                0x000000000800b65c                . = ALIGN (0x4)

.fini_array     0x000000000800b65c        0x4
                0x000000000800b65c                . = ALIGN (0x4)
                [!provide]                        PROVIDE (__fini_array_start = .)
 *(SORT_BY_NAME(.fini_array.*))
 *(.fini_array*)
 .fini_array    0x000000000800b65c        0x4 /Applications/STM32CubeIDE.app/Contents/Eclipse/plugins/com.st.stm32cube.ide.mcu.externaltools.gnu-tools-for-stm32.11.3.rel1.macos64_1.1.0.202305231506/tools/bin/../lib/gcc/arm-none-eabi/11.3.1/thumb/v7e-m/nofp/crtbegin.o
                [!provide]                        PROVIDE (__fini_array_end = .)
                0x000000000800b660                . = ALIGN (0x4)
                0x000000000800b660                _sidata = LOADADDR (.data)

.data           0x0000000020000000       0x60 load address 0x000000000800b660
                0x0000000020000000                . = ALIGN (0x4)
                0x0000000020000000                _sdata = .
 *(.data)
 *(.data*)
 .data.main_cmd_len
                0x0000000020000000        0x1 ./Core/Src/main.o
                0x0000000020000000                main_cmd_len
 .data.rx_buffer_len
                0x0000000020000001        0x1 ./Core/Src/main.o
                0x0000000020000001                rx_buffer_len
 *fill*         0x0000000020000002        0x2 
 .data.SystemCoreClock
                0x0000000020000004        0x4 ./Core/Src/system_stm32wlxx.o
                0x0000000020000004                SystemCoreClock
 .data.uwTickPrio
                0x0000000020000008        0x4 ./Drivers/STM32WLxx_HAL_Driver/Src/stm32wlxx_hal.o
                0x0000000020000008                uwTickPrio
 .data.uwTickFreq
                0x000000002000000c        0x1 ./Drivers/STM32WLxx_HAL_Driver/Src/stm32wlxx_hal.o
                0x000000002000000c                uwTickFreq
 .data.MaxPayloadLength
                0x000000002000000d        0x1 ./Middlewares/Third_Party/SubGHz_Phy/stm32_radio_driver/radio.o
 *fill*         0x000000002000000e        0x2 
 .data._impure_data
                0x0000000020000010       0x4c /Applications/STM32CubeIDE.app/Contents/Eclipse/plugins/com.st.stm32cube.ide.mcu.externaltools.gnu-tools-for-stm32.11.3.rel1.macos64_1.1.0.202305231506/tools/bin/../lib/gcc/arm-none-eabi/11.3.1/../../../../arm-none-eabi/lib/thumb/v7e-m/nofp/libc_nano.a(libc_a-impure.o)
                0x0000000020000010                _impure_data
 .data._impure_ptr
                0x000000002000005c        0x4 /Applications/STM32CubeIDE.app/Contents/Eclipse/plugins/com.st.stm32cube.ide.mcu.externaltools.gnu-tools-for-stm32.11.3.rel1.macos64_1.1.0.202305231506/tools/bin/../lib/gcc/arm-none-eabi/11.3.1/../../../../arm-none-eabi/lib/thumb/v7e-m/nofp/libc_nano.a(libc_a-impure.o)
                0x000000002000005c                _impure_ptr
 *(.RamFunc)
 *(.RamFunc*)
                0x0000000020000060                . = ALIGN (0x4)
                0x0000000020000060                _edata = .

.igot.plt       0x0000000020000060        0x0 load address 0x000000000800b6c0
 .igot.plt      0x0000000020000060        0x0 /Applications/STM32CubeIDE.app/Contents/Eclipse/plugins/com.st.stm32cube.ide.mcu.externaltools.gnu-tools-for-stm32.11.3.rel1.macos64_1.1.0.202305231506/tools/bin/../lib/gcc/arm-none-eabi/11.3.1/thumb/v7e-m/nofp/crtbegin.o
                0x0000000020000060                . = ALIGN (0x4)
