../Drivers/STM32WLxx_HAL_Driver/Inc/stm32wlxx_ll_bus.h:287:22:LL_AHB1_GRP1_EnableClock	24	static
../Drivers/STM32WLxx_HAL_Driver/Inc/stm32wlxx_ll_bus.h:449:22:LL_AHB2_GRP1_EnableClock	24	static
../Core/Src/main.c:109:5:countsDataBetweenFlags	32	static
../Core/Src/main.c:132:6:setPacketParams	16	static
../Core/Src/main.c:145:6:setModulationParams	16	static
../Core/Src/main.c:155:6:radioConfig	24	static
../Core/Src/main.c:173:6:HAL_UART_RxCpltCallback	32	static
../Core/Src/main.c:207:5:main	24	static
../Core/Src/main.c:347:6:SystemClock_Config	112	static
../Core/Src/main.c:395:6:MX_SUBGHZ_Init	8	static
../Core/Src/main.c:421:13:MX_TIM2_Init	40	static
../Core/Src/main.c:466:13:MX_USART2_UART_Init	8	static
../Core/Src/main.c:512:13:MX_DMA_Init	8	static
../Core/Src/main.c:534:13:MX_GPIO_Init	32	static
../Core/Src/main.c:582:6:DioIrqHndlr	296	dynamic
../Core/Src/main.c:724:6:Error_Handler	4	static,ignoring_inline_asm
